Component: Arm Compiler for Embedded 6.21 Tool: armlink [5ec1fa00]

==============================================================================

Section Cross References

    startup_stm32l476xx.o(STACK) refers (Special) to heapauxi.o(.text) for __use_two_region_memory
    startup_stm32l476xx.o(HEAP) refers (Special) to heapauxi.o(.text) for __use_two_region_memory
    startup_stm32l476xx.o(RESET) refers (Special) to heapauxi.o(.text) for __use_two_region_memory
    startup_stm32l476xx.o(RESET) refers to startup_stm32l476xx.o(STACK) for __initial_sp
    startup_stm32l476xx.o(RESET) refers to startup_stm32l476xx.o(.text) for Reset_Handler
    startup_stm32l476xx.o(RESET) refers to stm32l4xx_it.o(.text.NMI_Handler) for NMI_Handler
    startup_stm32l476xx.o(RESET) refers to stm32l4xx_it.o(.text.HardFault_Handler) for HardFault_Handler
    startup_stm32l476xx.o(RESET) refers to stm32l4xx_it.o(.text.MemManage_Handler) for MemManage_Handler
    startup_stm32l476xx.o(RESET) refers to stm32l4xx_it.o(.text.BusFault_Handler) for BusFault_Handler
    startup_stm32l476xx.o(RESET) refers to stm32l4xx_it.o(.text.UsageFault_Handler) for UsageFault_Handler
    startup_stm32l476xx.o(RESET) refers to stm32l4xx_it.o(.text.SVC_Handler) for SVC_Handler
    startup_stm32l476xx.o(RESET) refers to stm32l4xx_it.o(.text.DebugMon_Handler) for DebugMon_Handler
    startup_stm32l476xx.o(RESET) refers to stm32l4xx_it.o(.text.PendSV_Handler) for PendSV_Handler
    startup_stm32l476xx.o(RESET) refers to stm32l4xx_it.o(.text.SysTick_Handler) for SysTick_Handler
    startup_stm32l476xx.o(.text) refers (Special) to heapauxi.o(.text) for __use_two_region_memory
    startup_stm32l476xx.o(.text) refers to system_stm32l4xx.o(.text.SystemInit) for SystemInit
    startup_stm32l476xx.o(.text) refers to __main.o(!!!main) for __main
    startup_stm32l476xx.o(.text) refers to startup_stm32l476xx.o(HEAP) for Heap_Mem
    startup_stm32l476xx.o(.text) refers to startup_stm32l476xx.o(STACK) for Stack_Mem
    buttons.o(.text.SW1Active) refers to stm32l4xx_hal_gpio.o(.text.HAL_GPIO_ReadPin) for HAL_GPIO_ReadPin
    buttons.o(.ARM.exidx.text.SW1Active) refers to buttons.o(.text.SW1Active) for [Anonymous Symbol]
    buttons.o(.text.SW2Active) refers to stm32l4xx_hal_gpio.o(.text.HAL_GPIO_ReadPin) for HAL_GPIO_ReadPin
    buttons.o(.ARM.exidx.text.SW2Active) refers to buttons.o(.text.SW2Active) for [Anonymous Symbol]
    buttons.o(.text.SW3Active) refers to stm32l4xx_hal_gpio.o(.text.HAL_GPIO_ReadPin) for HAL_GPIO_ReadPin
    buttons.o(.ARM.exidx.text.SW3Active) refers to buttons.o(.text.SW3Active) for [Anonymous Symbol]
    buttons.o(.text.SW4Active) refers to stm32l4xx_hal_gpio.o(.text.HAL_GPIO_ReadPin) for HAL_GPIO_ReadPin
    buttons.o(.ARM.exidx.text.SW4Active) refers to buttons.o(.text.SW4Active) for [Anonymous Symbol]
    buttons.o(.text.UserButtonActive) refers to stm32l4xx_hal_gpio.o(.text.HAL_GPIO_ReadPin) for HAL_GPIO_ReadPin
    buttons.o(.ARM.exidx.text.UserButtonActive) refers to buttons.o(.text.UserButtonActive) for [Anonymous Symbol]
    usart2.o(.text.fputc) refers to main.o(.bss.huart2) for huart2
    usart2.o(.text.fputc) refers to stm32l4xx_hal_uart.o(.text.HAL_UART_Transmit) for HAL_UART_Transmit
    usart2.o(.ARM.exidx.text.fputc) refers to usart2.o(.text.fputc) for [Anonymous Symbol]
    usart2.o(.text.fgetc) refers to main.o(.bss.huart2) for huart2
    usart2.o(.text.fgetc) refers to stm32l4xx_hal_uart.o(.text.HAL_UART_Receive) for HAL_UART_Receive
    usart2.o(.ARM.exidx.text.fgetc) refers to usart2.o(.text.fgetc) for [Anonymous Symbol]
    ad.o(.text.GetAdValue) refers to stm32l4xx_hal_adc.o(.text.HAL_ADC_Start) for HAL_ADC_Start
    ad.o(.text.GetAdValue) refers to stm32l4xx_hal_adc.o(.text.HAL_ADC_PollForConversion) for HAL_ADC_PollForConversion
    ad.o(.text.GetAdValue) refers to stm32l4xx_hal_adc.o(.text.HAL_ADC_GetValue) for HAL_ADC_GetValue
    ad.o(.ARM.exidx.text.GetAdValue) refers to ad.o(.text.GetAdValue) for [Anonymous Symbol]
    main.o(.text.readSensor) refers to main.o(.bss.hi2c1) for hi2c1
    main.o(.text.readSensor) refers to stm32l4xx_hal_i2c.o(.text.HAL_I2C_Master_Transmit) for HAL_I2C_Master_Transmit
    main.o(.text.readSensor) refers to stm32l4xx_hal.o(.text.HAL_Delay) for HAL_Delay
    main.o(.text.readSensor) refers to stm32l4xx_hal_i2c.o(.text.HAL_I2C_Master_Receive) for HAL_I2C_Master_Receive
    main.o(.ARM.exidx.text.readSensor) refers to main.o(.text.readSensor) for [Anonymous Symbol]
    main.o(.text.main) refers to stm32l4xx_hal.o(.text.HAL_Init) for HAL_Init
    main.o(.text.main) refers to main.o(.text.SystemClock_Config) for SystemClock_Config
    main.o(.text.main) refers to main.o(.text.MX_GPIO_Init) for MX_GPIO_Init
    main.o(.text.main) refers to main.o(.text.MX_ADC1_Init) for MX_ADC1_Init
    main.o(.text.main) refers to main.o(.text.MX_USART2_UART_Init) for MX_USART2_UART_Init
    main.o(.text.main) refers to main.o(.text.MX_I2C1_Init) for MX_I2C1_Init
[...]
    [Anonymous Symbol]                       0x08004de4   Section        0  stm32l4xx_hal_adc.o(.text.LL_ADC_DisableDeepPowerDown)
    LL_ADC_EnableInternalRegulator           0x08004dfd   Thumb Code    30  stm32l4xx_hal_adc.o(.text.LL_ADC_EnableInternalRegulator)
    [Anonymous Symbol]                       0x08004dfc   Section        0  stm32l4xx_hal_adc.o(.text.LL_ADC_EnableInternalRegulator)
    LL_ADC_GetCommonPathInternalCh           0x08004e1d   Thumb Code    16  stm32l4xx_hal_adc.o(.text.LL_ADC_GetCommonPathInternalCh)
    [Anonymous Symbol]                       0x08004e1c   Section        0  stm32l4xx_hal_adc.o(.text.LL_ADC_GetCommonPathInternalCh)
    LL_ADC_GetOffsetChannel                  0x08004e2d   Thumb Code    30  stm32l4xx_hal_adc.o(.text.LL_ADC_GetOffsetChannel)
    [Anonymous Symbol]                       0x08004e2c   Section        0  stm32l4xx_hal_adc.o(.text.LL_ADC_GetOffsetChannel)
    LL_ADC_INJ_IsConversionOngoing           0x08004e4d   Thumb Code    16  stm32l4xx_hal_adc.o(.text.LL_ADC_INJ_IsConversionOngoing)
    [Anonymous Symbol]                       0x08004e4c   Section        0  stm32l4xx_hal_adc.o(.text.LL_ADC_INJ_IsConversionOngoing)
    LL_ADC_IsDeepPowerDownEnabled            0x08004e5d   Thumb Code    16  stm32l4xx_hal_adc.o(.text.LL_ADC_IsDeepPowerDownEnabled)
    [Anonymous Symbol]                       0x08004e5c   Section        0  stm32l4xx_hal_adc.o(.text.LL_ADC_IsDeepPowerDownEnabled)
    LL_ADC_IsEnabled                         0x08004e6d   Thumb Code    16  stm32l4xx_hal_adc.o(.text.LL_ADC_IsEnabled)
    [Anonymous Symbol]                       0x08004e6c   Section        0  stm32l4xx_hal_adc.o(.text.LL_ADC_IsEnabled)
    LL_ADC_IsEnabled                         0x08004e7d   Thumb Code    16  stm32l4xx_hal_adc_ex.o(.text.LL_ADC_IsEnabled)
    [Anonymous Symbol]                       0x08004e7c   Section        0  stm32l4xx_hal_adc_ex.o(.text.LL_ADC_IsEnabled)
    LL_ADC_IsInternalRegulatorEnabled        0x08004e8d   Thumb Code    16  stm32l4xx_hal_adc.o(.text.LL_ADC_IsInternalRegulatorEnabled)
    [Anonymous Symbol]                       0x08004e8c   Section        0  stm32l4xx_hal_adc.o(.text.LL_ADC_IsInternalRegulatorEnabled)
    LL_ADC_REG_IsConversionOngoing           0x08004e9d   Thumb Code    16  stm32l4xx_hal_adc.o(.text.LL_ADC_REG_IsConversionOngoing)
    [Anonymous Symbol]                       0x08004e9c   Section        0  stm32l4xx_hal_adc.o(.text.LL_ADC_REG_IsConversionOngoing)
    LL_ADC_REG_IsConversionOngoing           0x08004ead   Thumb Code    16  stm32l4xx_hal_adc_ex.o(.text.LL_ADC_REG_IsConversionOngoing)
    [Anonymous Symbol]                       0x08004eac   Section        0  stm32l4xx_hal_adc_ex.o(.text.LL_ADC_REG_IsConversionOngoing)
    LL_ADC_REG_SetSequencerRanks             0x08004ebd   Thumb Code    58  stm32l4xx_hal_adc.o(.text.LL_ADC_REG_SetSequencerRanks)
    [Anonymous Symbol]                       0x08004ebc   Section        0  stm32l4xx_hal_adc.o(.text.LL_ADC_REG_SetSequencerRanks)
    LL_ADC_SetChannelSamplingTime            0x08004ef9   Thumb Code    54  stm32l4xx_hal_adc.o(.text.LL_ADC_SetChannelSamplingTime)
    [Anonymous Symbol]                       0x08004ef8   Section        0  stm32l4xx_hal_adc.o(.text.LL_ADC_SetChannelSamplingTime)
    LL_ADC_SetChannelSingleDiff              0x08004f31   Thumb Code    52  stm32l4xx_hal_adc.o(.text.LL_ADC_SetChannelSingleDiff)
    [Anonymous Symbol]                       0x08004f30   Section        0  stm32l4xx_hal_adc.o(.text.LL_ADC_SetChannelSingleDiff)
    LL_ADC_SetCommonClock                    0x08004f65   Thumb Code    26  stm32l4xx_hal_adc.o(.text.LL_ADC_SetCommonClock)
    [Anonymous Symbol]                       0x08004f64   Section        0  stm32l4xx_hal_adc.o(.text.LL_ADC_SetCommonClock)
    LL_ADC_SetCommonPathInternalCh           0x08004f81   Thumb Code    26  stm32l4xx_hal_adc.o(.text.LL_ADC_SetCommonPathInternalCh)
    [Anonymous Symbol]                       0x08004f80   Section        0  stm32l4xx_hal_adc.o(.text.LL_ADC_SetCommonPathInternalCh)
    LL_ADC_SetOffset                         0x08004f9d   Thumb Code    60  stm32l4xx_hal_adc.o(.text.LL_ADC_SetOffset)
    [Anonymous Symbol]                       0x08004f9c   Section        0  stm32l4xx_hal_adc.o(.text.LL_ADC_SetOffset)
    LL_ADC_SetOffsetState                    0x08004fd9   Thumb Code    40  stm32l4xx_hal_adc.o(.text.LL_ADC_SetOffsetState)
    [Anonymous Symbol]                       0x08004fd8   Section        0  stm32l4xx_hal_adc.o(.text.LL_ADC_SetOffsetState)
    MX_ADC1_Init                             0x08005001   Thumb Code   182  main.o(.text.MX_ADC1_Init)
    [Anonymous Symbol]                       0x08005000   Section        0  main.o(.text.MX_ADC1_Init)
    MX_GPIO_Init                             0x080050b9   Thumb Code   306  main.o(.text.MX_GPIO_Init)
    [Anonymous Symbol]                       0x080050b8   Section        0  main.o(.text.MX_GPIO_Init)
    MX_I2C1_Init                             0x080051ed   Thumb Code   118  main.o(.text.MX_I2C1_Init)
    [Anonymous Symbol]                       0x080051ec   Section        0  main.o(.text.MX_I2C1_Init)
    MX_USART2_UART_Init                      0x08005265   Thumb Code    76  main.o(.text.MX_USART2_UART_Init)
    [Anonymous Symbol]                       0x08005264   Section        0  main.o(.text.MX_USART2_UART_Init)
    [Anonymous Symbol]                       0x080052b0   Section        0  stm32l4xx_it.o(.text.MemManage_Handler)
    [Anonymous Symbol]                       0x080052b4   Section        0  stm32l4xx_it.o(.text.NMI_Handler)
    NVIC_EncodePriority                      0x080052b9   Thumb Code   108  stm32l4xx_hal_cortex.o(.text.NVIC_EncodePriority)
    [Anonymous Symbol]                       0x080052b8   Section        0  stm32l4xx_hal_cortex.o(.text.NVIC_EncodePriority)
    [Anonymous Symbol]                       0x08005324   Section        0  stm32l4xx_it.o(.text.PendSV_Handler)
    RCCEx_PLLSAI1_Config                     0x08005329   Thumb Code   652  stm32l4xx_hal_rcc_ex.o(.text.RCCEx_PLLSAI1_Config)
    [Anonymous Symbol]                       0x08005328   Section        0  stm32l4xx_hal_rcc_ex.o(.text.RCCEx_PLLSAI1_Config)
    RCCEx_PLLSAI2_Config                     0x080055b5   Thumb Code   588  stm32l4xx_hal_rcc_ex.o(.text.RCCEx_PLLSAI2_Config)
    [Anonymous Symbol]                       0x080055b4   Section        0  stm32l4xx_hal_rcc_ex.o(.text.RCCEx_PLLSAI2_Config)
    RCC_SetFlashLatencyFromMSIRange          0x08005801   Thumb Code   238  stm32l4xx_hal_rcc.o(.text.RCC_SetFlashLatencyFromMSIRange)
    [Anonymous Symbol]                       0x08005800   Section        0  stm32l4xx_hal_rcc.o(.text.RCC_SetFlashLatencyFromMSIRange)
    [Anonymous Symbol]                       0x080058f0   Section        0  stm32l4xx_it.o(.text.SVC_Handler)
    SysTick_Config                           0x080058f5   Thumb Code    82  stm32l4xx_hal_cortex.o(.text.SysTick_Config)
    [Anonymous Symbol]                       0x080058f4   Section        0  stm32l4xx_hal_cortex.o(.text.SysTick_Config)
    [Anonymous Symbol]                       0x08005948   Section        0  stm32l4xx_it.o(.text.SysTick_Handler)
    [Anonymous Symbol]                       0x08005950   Section        0  main.o(.text.SystemClock_Config)
    [Anonymous Symbol]                       0x080059d4   Section        0  system_stm32l4xx.o(.text.SystemInit)
    [Anonymous Symbol]                       0x080059e8   Section        0  stm32l4xx_hal_uart.o(.text.UART_AdvFeatureConfig)
    [Anonymous Symbol]                       0x08005b30   Section        0  stm32l4xx_hal_uart.o(.text.UART_CheckIdleState)
    UART_EndRxTransfer                       0x08005c75   Thumb Code   152  stm32l4xx_hal_uart.o(.text.UART_EndRxTransfer)
    [Anonymous Symbol]                       0x08005c74   Section        0  stm32l4xx_hal_uart.o(.text.UART_EndRxTransfer)
    [Anonymous Symbol]                       0x08005d0c   Section        0  stm32l4xx_hal_uart.o(.text.UART_SetConfig)
    [Anonymous Symbol]                       0x08006268   Section        0  stm32l4xx_hal_uart.o(.text.UART_WaitOnFlagUntilTimeout)
    [Anonymous Symbol]                       0x08006364   Section        0  stm32l4xx_it.o(.text.UsageFault_Handler)
    __NVIC_GetPriorityGrouping               0x08006369   Thumb Code    16  stm32l4xx_hal_cortex.o(.text.__NVIC_GetPriorityGrouping)
    [Anonymous Symbol]                       0x08006368   Section        0  stm32l4xx_hal_cortex.o(.text.__NVIC_GetPriorityGrouping)
    __NVIC_SetPriority                       0x08006379   Thumb Code    66  stm32l4xx_hal_cortex.o(.text.__NVIC_SetPriority)
    [Anonymous Symbol]                       0x08006378   Section        0  stm32l4xx_hal_cortex.o(.text.__NVIC_SetPriority)
    __NVIC_SetPriorityGrouping               0x080063bd   Thumb Code    60  stm32l4xx_hal_cortex.o(.text.__NVIC_SetPriorityGrouping)
    [Anonymous Symbol]                       0x080063bc   Section        0  stm32l4xx_hal_cortex.o(.text.__NVIC_SetPriorityGrouping)
    [Anonymous Symbol]                       0x080063f8   Section        0  usart2.o(.text.fputc)
    [Anonymous Symbol]                       0x0800641c   Section        0  main.o(.text.main)
    [Anonymous Symbol]                       0x08006508   Section        0  main.o(.text.readSensor)
    CL$$btod_d2e                             0x08006564   Section       62  btod.o(CL$$btod_d2e)
    CL$$btod_d2e_denorm_low                  0x080065a2   Section       70  btod.o(CL$$btod_d2e_denorm_low)
    CL$$btod_d2e_norm_op1                    0x080065e8   Section       96  btod.o(CL$$btod_d2e_norm_op1)
    CL$$btod_div_common                      0x08006648   Section      824  btod.o(CL$$btod_div_common)
    CL$$btod_e2e                             0x08006980   Section      220  btod.o(CL$$btod_e2e)
    CL$$btod_ediv                            0x08006a5c   Section       42  btod.o(CL$$btod_ediv)
    CL$$btod_emul                            0x08006a86   Section       42  btod.o(CL$$btod_emul)
    CL$$btod_mult_common                     0x08006ab0   Section      580  btod.o(CL$$btod_mult_common)
    i.__ARM_fpclassify                       0x08006cf4   Section        0  fpclassify.o(i.__ARM_fpclassify)
    i._is_digit                              0x08006d24   Section        0  __printf_wp.o(i._is_digit)
    locale$$code                             0x08006d34   Section       44  lc_numeric_c.o(locale$$code)
    locale$$code                             0x08006d60   Section       44  lc_ctype_c.o(locale$$code)
    $v0                                      0x08006d8c   Number         0  dretinf.o(x$fpl$dretinf)
    x$fpl$dretinf                            0x08006d8c   Section       12  dretinf.o(x$fpl$dretinf)
    $v0                                      0x08006d98   Number         0  f2d.o(x$fpl$f2d)
    x$fpl$f2d                                0x08006d98   Section       86  f2d.o(x$fpl$f2d)
    $v0                                      0x08006dee   Number         0  fnaninf.o(x$fpl$fnaninf)
    x$fpl$fnaninf                            0x08006dee   Section      140  fnaninf.o(x$fpl$fnaninf)
    $v0                                      0x08006e7a   Number         0  fpinit.o(x$fpl$fpinit)
    x$fpl$fpinit                             0x08006e7a   Section       26  fpinit.o(x$fpl$fpinit)
    $v0                                      0x08006e94   Number         0  printf1.o(x$fpl$printf1)
    x$fpl$printf1                            0x08006e94   Section        4  printf1.o(x$fpl$printf1)
    $v0                                      0x08006e98   Number         0  printf2.o(x$fpl$printf2)
    x$fpl$printf2                            0x08006e98   Section        4  printf2.o(x$fpl$printf2)
    initial_mbstate                          0x08006e9c   Data           8  _printf_wctomb.o(.constdata)
    .constdata                               0x08006e9c   Section        8  _printf_wctomb.o(.constdata)
    x$fpl$usenofp                            0x08006e9c   Section        0  usenofp.o(x$fpl$usenofp)
    uc_hextab                                0x08006ea4   Data          20  _printf_hex_int_ll_ptr.o(.constdata)
    .constdata                               0x08006ea4   Section       40  _printf_hex_int_ll_ptr.o(.constdata)
    lc_hextab                                0x08006eb8   Data          20  _printf_hex_int_ll_ptr.o(.constdata)
    maptable                                 0x08006ecc   Data          17  __printf_flags_ss_wp.o(.constdata)
    .constdata                               0x08006ecc   Section       17  __printf_flags_ss_wp.o(.constdata)
    lc_hextab                                0x08006edd   Data          19  _printf_fp_hex.o(.constdata)
    .constdata                               0x08006edd   Section       38  _printf_fp_hex.o(.constdata)
    uc_hextab                                0x08006ef0   Data          19  _printf_fp_hex.o(.constdata)
    tenpwrs_x                                0x08006f04   Data          60  bigflt0.o(.constdata)
    .constdata                               0x08006f04   Section      148  bigflt0.o(.constdata)
    tenpwrs_i                                0x08006f40   Data          64  bigflt0.o(.constdata)
    .L.str                                   0x08006fe0   Data          10  main.o(.rodata.str1.1)
    [Anonymous Symbol]                       0x08006fe0   Section        0  main.o(.rodata.str1.1)
    .L.str.1                                 0x08006fea   Data          20  main.o(.rodata.str1.1)
    .L.str.2                                 0x08006ffe   Data          20  main.o(.rodata.str1.1)
    .L.str.3                                 0x08007012   Data          43  main.o(.rodata.str1.1)
    locale$$data                             0x08007060   Section       28  lc_numeric_c.o(locale$$data)
    __lcnum_c_name                           0x08007064   Data           2  lc_numeric_c.o(locale$$data)
    __lcnum_c_start                          0x0800706c   Data           0  lc_numeric_c.o(locale$$data)
    __lcnum_c_point                          0x08007078   Data           0  lc_numeric_c.o(locale$$data)
    __lcnum_c_thousands                      0x0800707a   Data           0  lc_numeric_c.o(locale$$data)
    __lcnum_c_grouping                       0x0800707b   Data           0  lc_numeric_c.o(locale$$data)
    __lcnum_c_end                            0x0800707c   Data           0  lc_numeric_c.o(locale$$data)
    locale$$data                             0x0800707c   Section      272  lc_ctype_c.o(locale$$data)
    __lcctype_c_name                         0x08007080   Data           2  lc_ctype_c.o(locale$$data)
    __lcctype_c_start                        0x08007088   Data           0  lc_ctype_c.o(locale$$data)
    __lcctype_c_end                          0x0800718c   Data           0  lc_ctype_c.o(locale$$data)
    .bss                                     0x20000010   Section       96  libspace.o(.bss)
    Heap_Mem                                 0x20000208   Data         512  startup_stm32l476xx.o(HEAP)
    HEAP                                     0x20000208   Section      512  startup_stm32l476xx.o(HEAP)
    Stack_Mem                                0x20000408   Data        1024  startup_stm32l476xx.o(STACK)
    STACK                                    0x20000408   Section     1024  startup_stm32l476xx.o(STACK)
    __initial_sp                             0x20000808   Data           0  startup_stm32l476xx.o(STACK)

    Global Symbols

    Symbol Name                              Value     Ov Type        Size  Object(Section)

    BuildAttributes$$THM_ISAv4$E$P$D$K$B$S$7EM$VFPi3$EXTD16$VFPS$VFMA$PE$A:L22UL41UL21$X:L11$S22US41US21$IEEE1$IW$~IW$USESV6$~STKCKD$USESV7$~SHL$OTIME$ROPI$IEEEJ$EBA8$UX$STANDARDLIB$REQ8$PRES8$EABIv2 0x00000000   Number         0  anon$$obj.o ABSOLUTE
    _printf_flags                            0x00000000   Number         0  printf_stubs.o ABSOLUTE
    _printf_return_value                     0x00000000   Number         0  printf_stubs.o ABSOLUTE
    _printf_sizespec                         0x00000000   Number         0  printf_stubs.o ABSOLUTE
    _printf_widthprec                        0x00000000   Number         0  printf_stubs.o ABSOLUTE
    __ARM_exceptions_init                     - Undefined Weak Reference
    __alloca_initialize                       - Undefined Weak Reference
    __arm_preinit_                            - Undefined Weak Reference
    __arm_relocate_pie_                       - Undefined Weak Reference
    __cpp_initialize__aeabi_                  - Undefined Weak Reference
    __cxa_finalize                            - Undefined Weak Reference
    __sigvec_lookup                           - Undefined Weak Reference
    _atexit_init                              - Undefined Weak Reference
    _call_atexit_fns                          - Undefined Weak Reference
    _clock_init                               - Undefined Weak Reference
    _fp_trap_init                             - Undefined Weak Reference
    _fp_trap_shutdown                         - Undefined Weak Reference
    _get_lc_collate                           - Undefined Weak Reference
    _get_lc_monetary                          - Undefined Weak Reference
    _get_lc_time                              - Undefined Weak Reference
    _getenv_init                              - Undefined Weak Reference
    _handle_redirection                       - Undefined Weak Reference
    _init_alloc                               - Undefined Weak Reference
    _init_user_alloc                          - Undefined Weak Reference
    _initio                                   - Undefined Weak Reference
    _mutex_acquire                            - Undefined Weak Reference
    _mutex_release                            - Undefined Weak Reference
    _printf_mbtowc                            - Undefined Weak Reference
    _printf_wc                                - Undefined Weak Reference
    _rand_init                                - Undefined Weak Reference
    _signal_finish                            - Undefined Weak Reference
    _signal_init                              - Undefined Weak Reference
    _terminate_alloc                          - Undefined Weak Reference
    _terminate_user_alloc                     - Undefined Weak Reference
    _terminateio                              - Undefined Weak Reference
    __Vectors_Size                           0x00000188   Number         0  startup_stm32l476xx.o ABSOLUTE
    __Vectors                                0x08000000   Data           4  startup_stm32l476xx.o(RESET)
    __Vectors_End                            0x08000188   Data           0  startup_stm32l476xx.o(RESET)
    __main                                   0x08000189   Thumb Code     8  __main.o(!!!main)
    __scatterload                            0x08000191   Thumb Code     0  __scatter.o(!!!scatter)
    __scatterload_rt2                        0x08000191   Thumb Code    84  __scatter.o(!!!scatter)
    __scatterload_rt2_thumb_only             0x08000191   Thumb Code     0  __scatter.o(!!!scatter)
    __scatterload_loop                       0x0800019b   Thumb Code     0  __scatter.o(!!!scatter)
    __scatterload_copy                       0x080001ed   Thumb Code    26  __scatter_copy.o(!!handler_copy)
    __scatterload_null                       0x08000209   Thumb Code     2  __scatter.o(!!handler_null)
    __scatterload_zeroinit                   0x0800020d   Thumb Code    28  __scatter_zi.o(!!handler_zi)
    _printf_n                                0x08000229   Thumb Code     0  _printf_n.o(.ARM.Collect$$_printf_percent$$00000001)
    _printf_percent                          0x08000229   Thumb Code     0  _printf_percent.o(.ARM.Collect$$_printf_percent$$00000000)
    _printf_p                                0x0800022f   Thumb Code     0  _printf_p.o(.ARM.Collect$$_printf_percent$$00000002)
    _printf_f                                0x08000235   Thumb Code     0  _printf_f.o(.ARM.Collect$$_printf_percent$$00000003)
    _printf_e                                0x0800023b   Thumb Code     0  _printf_e.o(.ARM.Collect$$_printf_percent$$00000004)
    _printf_g                                0x08000241   Thumb Code     0  _printf_g.o(.ARM.Collect$$_printf_percent$$00000005)
    _printf_a                                0x08000247   Thumb Code     0  _printf_a.o(.ARM.Collect$$_printf_percent$$00000006)
    _printf_ll                               0x0800024d   Thumb Code     0  _printf_ll.o(.ARM.Collect$$_printf_percent$$00000007)
    _printf_i                                0x08000257   Thumb Code     0  _printf_i.o(.ARM.Collect$$_printf_percent$$00000008)
    _printf_d                                0x0800025d   Thumb Code     0  _printf_d.o(.ARM.Collect$$_printf_percent$$00000009)
    _printf_u                                0x08000263   Thumb Code     0  _printf_u.o(.ARM.Collect$$_printf_percent$$0000000A)
    _printf_o                                0x08000269   Thumb Code     0  _printf_o.o(.ARM.Collect$$_printf_percent$$0000000B)
    _printf_x                                0x0800026f   Thumb Code     0  _printf_x.o(.ARM.Collect$$_printf_percent$$0000000C)
    _printf_lli                              0x08000275   Thumb Code     0  _printf_lli.o(.ARM.Collect$$_printf_percent$$0000000D)
    _printf_lld                              0x0800027b   Thumb Code     0  _printf_lld.o(.ARM.Collect$$_printf_percent$$0000000E)
    _printf_llu                              0x08000281   Thumb Code     0  _printf_llu.o(.ARM.Collect$$_printf_percent$$0000000F)
    _printf_llo                              0x08000287   Thumb Code     0  _printf_llo.o(.ARM.Collect$$_printf_percent$$00000010)
    _printf_llx                              0x0800028d   Thumb Code     0  _printf_llx.o(.ARM.Collect$$_printf_percent$$00000011)
    _printf_l                                0x08000293   Thumb Code     0  _printf_l.o(.ARM.Collect$$_printf_percent$$00000012)
    _printf_c                                0x0800029d   Thumb Code     0  _printf_c.o(.ARM.Collect$$_printf_percent$$00000013)
    _printf_s                                0x080002a3   Thumb Code     0  _printf_s.o(.ARM.Collect$$_printf_percent$$00000014)
    _printf_lc                               0x080002a9   Thumb Code     0  _printf_lc.o(.ARM.Collect$$_printf_percent$$00000015)
    _printf_ls                               0x080002af   Thumb Code     0  _printf_ls.o(.ARM.Collect$$_printf_percent$$00000016)
    _printf_percent_end                      0x080002b5   Thumb Code     0  _printf_percent_end.o(.ARM.Collect$$_printf_percent$$00000017)
    __rt_lib_init                            0x080002b9   Thumb Code     0  libinit.o(.ARM.Collect$$libinit$$00000000)
    __rt_lib_init_fp_1                       0x080002bb   Thumb Code     0  libinit2.o(.ARM.Collect$$libinit$$00000001)
    __rt_lib_init_heap_1                     0x080002bf   Thumb Code     0  libinit2.o(.ARM.Collect$$libinit$$0000000C)
    __rt_lib_init_lc_common                  0x080002bf   Thumb Code     0  libinit2.o(.ARM.Collect$$libinit$$00000011)
    __rt_lib_init_preinit_1                  0x080002bf   Thumb Code     0  libinit2.o(.ARM.Collect$$libinit$$00000006)
    __rt_lib_init_rand_1                     0x080002bf   Thumb Code     0  libinit2.o(.ARM.Collect$$libinit$$00000010)
    __rt_lib_init_relocate_pie_1             0x080002bf   Thumb Code     0  libinit2.o(.ARM.Collect$$libinit$$00000004)
    __rt_lib_init_user_alloc_1               0x080002bf   Thumb Code     0  libinit2.o(.ARM.Collect$$libinit$$0000000E)
    __rt_lib_init_lc_collate_1               0x080002c5   Thumb Code     0  libinit2.o(.ARM.Collect$$libinit$$00000013)
    __rt_lib_init_lc_ctype_2                 0x080002c5   Thumb Code     0  libinit2.o(.ARM.Collect$$libinit$$00000014)
    __rt_lib_init_lc_ctype_1                 0x080002d1   Thumb Code     0  libinit2.o(.ARM.Collect$$libinit$$00000015)
    __rt_lib_init_lc_monetary_1              0x080002d1   Thumb Code     0  libinit2.o(.ARM.Collect$$libinit$$00000017)
    __rt_lib_init_lc_numeric_2               0x080002d1   Thumb Code     0  libinit2.o(.ARM.Collect$$libinit$$00000018)
    __rt_lib_init_alloca_1                   0x080002db   Thumb Code     0  libinit2.o(.ARM.Collect$$libinit$$00000030)
    __rt_lib_init_argv_1                     0x080002db   Thumb Code     0  libinit2.o(.ARM.Collect$$libinit$$0000002E)
    __rt_lib_init_atexit_1                   0x080002db   Thumb Code     0  libinit2.o(.ARM.Collect$$libinit$$0000001D)
    __rt_lib_init_clock_1                    0x080002db   Thumb Code     0  libinit2.o(.ARM.Collect$$libinit$$00000023)
    __rt_lib_init_cpp_1                      0x080002db   Thumb Code     0  libinit2.o(.ARM.Collect$$libinit$$00000034)
    __rt_lib_init_exceptions_1               0x080002db   Thumb Code     0  libinit2.o(.ARM.Collect$$libinit$$00000032)
    __rt_lib_init_fp_trap_1                  0x080002db   Thumb Code     0  libinit2.o(.ARM.Collect$$libinit$$00000021)
    __rt_lib_init_getenv_1                   0x080002db   Thumb Code     0  libinit2.o(.ARM.Collect$$libinit$$00000025)
    __rt_lib_init_lc_numeric_1               0x080002db   Thumb Code     0  libinit2.o(.ARM.Collect$$libinit$$00000019)
    __rt_lib_init_lc_time_1                  0x080002db   Thumb Code     0  libinit2.o(.ARM.Collect$$libinit$$0000001B)
    __rt_lib_init_return                     0x080002db   Thumb Code     0  libinit2.o(.ARM.Collect$$libinit$$00000035)
    __rt_lib_init_signal_1                   0x080002db   Thumb Code     0  libinit2.o(.ARM.Collect$$libinit$$0000001F)
    __rt_lib_init_stdio_1                    0x080002db   Thumb Code     0  libinit2.o(.ARM.Collect$$libinit$$00000027)
    __rt_lib_shutdown                        0x080002dd   Thumb Code     0  libshutdown.o(.ARM.Collect$$libshutdown$$00000000)
    __rt_lib_shutdown_cpp_1                  0x080002df   Thumb Code     0  libshutdown2.o(.ARM.Collect$$libshutdown$$00000002)
    __rt_lib_shutdown_fp_trap_1              0x080002df   Thumb Code     0  libshutdown2.o(.ARM.Collect$$libshutdown$$00000007)
    __rt_lib_shutdown_heap_1                 0x080002df   Thumb Code     0  libshutdown2.o(.ARM.Collect$$libshutdown$$0000000F)
    __rt_lib_shutdown_return                 0x080002df   Thumb Code     0  libshutdown2.o(.ARM.Collect$$libshutdown$$00000010)
    __rt_lib_shutdown_signal_1               0x080002df   Thumb Code     0  libshutdown2.o(.ARM.Collect$$libshutdown$$0000000A)
    __rt_lib_shutdown_stdio_1                0x080002df   Thumb Code     0  libshutdown2.o(.ARM.Collect$$libshutdown$$00000004)
    __rt_lib_shutdown_user_alloc_1           0x080002df   Thumb Code     0  libshutdown2.o(.ARM.Collect$$libshutdown$$0000000C)
    __rt_entry                               0x080002e1   Thumb Code     0  __rtentry.o(.ARM.Collect$$rtentry$$00000000)
    __rt_entry_presh_1                       0x080002e1   Thumb Code     0  __rtentry2.o(.ARM.Collect$$rtentry$$00000002)
    __rt_entry_sh                            0x080002e1   Thumb Code     0  __rtentry4.o(.ARM.Collect$$rtentry$$00000004)
    __rt_entry_li                            0x080002e7   Thumb Code     0  __rtentry2.o(.ARM.Collect$$rtentry$$0000000A)
    __rt_entry_postsh_1                      0x080002e7   Thumb Code     0  __rtentry2.o(.ARM.Collect$$rtentry$$00000009)
    __rt_entry_main                          0x080002eb   Thumb Code     0  __rtentry2.o(.ARM.Collect$$rtentry$$0000000D)
    __rt_entry_postli_1                      0x080002eb   Thumb Code     0  __rtentry2.o(.ARM.Collect$$rtentry$$0000000C)
    __rt_exit                                0x080002f3   Thumb Code     0  rtexit.o(.ARM.Collect$$rtexit$$00000000)
    __rt_exit_ls                             0x080002f5   Thumb Code     0  rtexit2.o(.ARM.Collect$$rtexit$$00000003)
    __rt_exit_prels_1                        0x080002f5   Thumb Code     0  rtexit2.o(.ARM.Collect$$rtexit$$00000002)
    __rt_exit_exit                           0x080002f9   Thumb Code     0  rtexit2.o(.ARM.Collect$$rtexit$$00000004)
    Reset_Handler                            0x08000301   Thumb Code     8  startup_stm32l476xx.o(.text)
    ADC1_2_IRQHandler                        0x0800031b   Thumb Code     0  startup_stm32l476xx.o(.text)
    ADC3_IRQHandler                          0x0800031b   Thumb Code     0  startup_stm32l476xx.o(.text)
    CAN1_RX0_IRQHandler                      0x0800031b   Thumb Code     0  startup_stm32l476xx.o(.text)
    CAN1_RX1_IRQHandler                      0x0800031b   Thumb Code     0  startup_stm32l476xx.o(.text)
    CAN1_SCE_IRQHandler                      0x0800031b   Thumb Code     0  startup_stm32l476xx.o(.text)
    CAN1_TX_IRQHandler                       0x0800031b   Thumb Code     0  startup_stm32l476xx.o(.text)
    COMP_IRQHandler                          0x0800031b   Thumb Code     0  startup_stm32l476xx.o(.text)
    DFSDM1_FLT0_IRQHandler                   0x0800031b   Thumb Code     0  startup_stm32l476xx.o(.text)
    DFSDM1_FLT1_IRQHandler                   0x0800031b   Thumb Code     0  startup_stm32l476xx.o(.text)
    DFSDM1_FLT2_IRQHandler                   0x0800031b   Thumb Code     0  startup_stm32l476xx.o(.text)
    DFSDM1_FLT3_IRQHandler                   0x0800031b   Thumb Code     0  startup_stm32l476xx.o(.text)
    DMA1_Channel1_IRQHandler                 0x0800031b   Thumb Code     0  startup_stm32l476xx.o(.text)
    DMA1_Channel2_IRQHandler                 0x0800031b   Thumb Code     0  startup_stm32l476xx.o(.text)
    DMA1_Channel3_IRQHandler                 0x0800031b   Thumb Code     0  startup_stm32l476xx.o(.text)
    DMA1_Channel4_IRQHandler                 0x0800031b   Thumb Code     0  startup_stm32l476xx.o(.text)
    DMA1_Channel5_IRQHandler                 0x0800031b   Thumb Code     0  startup_stm32l476xx.o(.text)
    DMA1_Channel6_IRQHandler                 0x0800031b   Thumb Code     0  startup_stm32l476xx.o(.text)
    DMA1_Channel7_IRQHandler                 0x0800031b   Thumb Code     0  startup_stm32l476xx.o(.text)
    DMA2_Channel1_IRQHandler                 0x0800031b   Thumb Code     0  startup_stm32l476xx.o(.text)
    DMA2_Channel2_IRQHandler                 0x0800031b   Thumb Code     0  startup_stm32l476xx.o(.text)
    DMA2_Channel3_IRQHandler                 0x0800031b   Thumb Code     0  startup_stm32l476xx.o(.text)
    DMA2_Channel4_IRQHandler                 0x0800031b   Thumb Code     0  startup_stm32l476xx.o(.text)
    DMA2_Channel5_IRQHandler                 0x0800031b   Thumb Code     0  startup_stm32l476xx.o(.text)
    DMA2_Channel6_IRQHandler                 0x0800031b   Thumb Code     0  startup_stm32l476xx.o(.text)
    DMA2_Channel7_IRQHandler                 0x0800031b   Thumb Code     0  startup_stm32l476xx.o(.text)
    EXTI0_IRQHandler                         0x0800031b   Thumb Code     0  startup_stm32l476xx.o(.text)
    EXTI15_10_IRQHandler                     0x0800031b   Thumb Code     0  startup_stm32l476xx.o(.text)
    EXTI1_IRQHandler                         0x0800031b   Thumb Code     0  startup_stm32l476xx.o(.text)
    EXTI2_IRQHandler                         0x0800031b   Thumb Code     0  startup_stm32l476xx.o(.text)
    EXTI3_IRQHandler                         0x0800031b   Thumb Code     0  startup_stm32l476xx.o(.text)
    EXTI4_IRQHandler                         0x0800031b   Thumb Code     0  startup_stm32l476xx.o(.text)
    EXTI9_5_IRQHandler                       0x0800031b   Thumb Code     0  startup_stm32l476xx.o(.text)
    FLASH_IRQHandler                         0x0800031b   Thumb Code     0  startup_stm32l476xx.o(.text)
    FMC_IRQHandler                           0x0800031b   Thumb Code     0  startup_stm32l476xx.o(.text)
    FPU_IRQHandler                           0x0800031b   Thumb Code     0  startup_stm32l476xx.o(.text)
    I2C1_ER_IRQHandler                       0x0800031b   Thumb Code     0  startup_stm32l476xx.o(.text)
    I2C1_EV_IRQHandler                       0x0800031b   Thumb Code     0  startup_stm32l476xx.o(.text)
    I2C2_ER_IRQHandler                       0x0800031b   Thumb Code     0  startup_stm32l476xx.o(.text)
    I2C2_EV_IRQHandler                       0x0800031b   Thumb Code     0  startup_stm32l476xx.o(.text)
    I2C3_ER_IRQHandler                       0x0800031b   Thumb Code     0  startup_stm32l476xx.o(.text)
    I2C3_EV_IRQHandler                       0x0800031b   Thumb Code     0  startup_stm32l476xx.o(.text)
    LCD_IRQHandler                           0x0800031b   Thumb Code     0  startup_stm32l476xx.o(.text)
    LPTIM1_IRQHandler                        0x0800031b   Thumb Code     0  startup_stm32l476xx.o(.text)
    LPTIM2_IRQHandler                        0x0800031b   Thumb Code     0  startup_stm32l476xx.o(.text)
    LPUART1_IRQHandler                       0x0800031b   Thumb Code     0  startup_stm32l476xx.o(.text)
    OTG_FS_IRQHandler                        0x0800031b   Thumb Code     0  startup_stm32l476xx.o(.text)
    PVD_PVM_IRQHandler                       0x0800031b   Thumb Code     0  startup_stm32l476xx.o(.text)
    QUADSPI_IRQHandler                       0x0800031b   Thumb Code     0  startup_stm32l476xx.o(.text)
    RCC_IRQHandler                           0x0800031b   Thumb Code     0  startup_stm32l476xx.o(.text)
    RNG_IRQHandler                           0x0800031b   Thumb Code     0  startup_stm32l476xx.o(.text)
    RTC_Alarm_IRQHandler                     0x0800031b   Thumb Code     0  startup_stm32l476xx.o(.text)
    RTC_WKUP_IRQHandler                      0x0800031b   Thumb Code     0  startup_stm32l476xx.o(.text)
    SAI1_IRQHandler                          0x0800031b   Thumb Code     0  startup_stm32l476xx.o(.text)
    SAI2_IRQHandler                          0x0800031b   Thumb Code     0  startup_stm32l476xx.o(.text)
    SDMMC1_IRQHandler                        0x0800031b   Thumb Code     0  startup_stm32l476xx.o(.text)
    SPI1_IRQHandler                          0x0800031b   Thumb Code     0  startup_stm32l476xx.o(.text)
    SPI2_IRQHandler                          0x0800031b   Thumb Code     0  startup_stm32l476xx.o(.text)
    SPI3_IRQHandler                          0x0800031b   Thumb Code     0  startup_stm32l476xx.o(.text)
    SWPMI1_IRQHandler                        0x0800031b   Thumb Code     0  startup_stm32l476xx.o(.text)
    TAMP_STAMP_IRQHandler                    0x0800031b   Thumb Code     0  startup_stm32l476xx.o(.text)
    TIM1_BRK_TIM15_IRQHandler                0x0800031b   Thumb Code     0  startup_stm32l476xx.o(.text)
    TIM1_CC_IRQHandler                       0x0800031b   Thumb Code     0  startup_stm32l476xx.o(.text)
    TIM1_TRG_COM_TIM17_IRQHandler            0x0800031b   Thumb Code     0  startup_stm32l476xx.o(.text)
    TIM1_UP_TIM16_IRQHandler                 0x0800031b   Thumb Code     0  startup_stm32l476xx.o(.text)
    TIM2_IRQHandler                          0x0800031b   Thumb Code     0  startup_stm32l476xx.o(.text)
    TIM3_IRQHandler                          0x0800031b   Thumb Code     0  startup_stm32l476xx.o(.text)
    TIM4_IRQHandler                          0x0800031b   Thumb Code     0  startup_stm32l476xx.o(.text)
    TIM5_IRQHandler                          0x0800031b   Thumb Code     0  startup_stm32l476xx.o(.text)
    TIM6_DAC_IRQHandler                      0x0800031b   Thumb Code     0  startup_stm32l476xx.o(.text)
    TIM7_IRQHandler                          0x0800031b   Thumb Code     0  startup_stm32l476xx.o(.text)
    TIM8_BRK_IRQHandler                      0x0800031b   Thumb Code     0  startup_stm32l476xx.o(.text)
    TIM8_CC_IRQHandler                       0x0800031b   Thumb Code     0  startup_stm32l476xx.o(.text)
    TIM8_TRG_COM_IRQHandler                  0x0800031b   Thumb Code     0  startup_stm32l476xx.o(.text)
    TIM8_UP_IRQHandler                       0x0800031b   Thumb Code     0  startup_stm32l476xx.o(.text)
    TSC_IRQHandler                           0x0800031b   Thumb Code     0  startup_stm32l476xx.o(.text)
    UART4_IRQHandler                         0x0800031b   Thumb Code     0  startup_stm32l476xx.o(.text)
    UART5_IRQHandler                         0x0800031b   Thumb Code     0  startup_stm32l476xx.o(.text)
    USART1_IRQHandler                        0x0800031b   Thumb Code     0  startup_stm32l476xx.o(.text)
    USART2_IRQHandler                        0x0800031b   Thumb Code     0  startup_stm32l476xx.o(.text)
    USART3_IRQHandler                        0x0800031b   Thumb Code     0  startup_stm32l476xx.o(.text)
    WWDG_IRQHandler                          0x0800031b   Thumb Code     0  startup_stm32l476xx.o(.text)
    __user_initial_stackheap                 0x0800031d   Thumb Code     0  startup_stm32l476xx.o(.text)
    __aeabi_uldivmod                         0x08000341   Thumb Code     0  lludivv7m.o(.text)
    _ll_udiv                                 0x08000341   Thumb Code   240  lludivv7m.o(.text)
    printf                                   0x08000431   Thumb Code    20  printf.o(.text)
    __aeabi_memclr4                          0x08000449   Thumb Code     0  rt_memclr_w.o(.text)
    __aeabi_memclr8                          0x08000449   Thumb Code     0  rt_memclr_w.o(.text)
    __rt_memclr_w                            0x08000449   Thumb Code     0  rt_memclr_w.o(.text)
    _memset_w                                0x0800044d   Thumb Code    74  rt_memclr_w.o(.text)
    __use_two_region_memory                  0x08000497   Thumb Code     2  heapauxi.o(.text)
    __rt_heap_escrow$2region                 0x08000499   Thumb Code     2  heapauxi.o(.text)
    __rt_heap_expand$2region                 0x0800049b   Thumb Code     2  heapauxi.o(.text)
    _printf_pre_padding                      0x0800049d   Thumb Code    44  _printf_pad.o(.text)
    _printf_post_padding                     0x080004c9   Thumb Code    34  _printf_pad.o(.text)
    _printf_truncate_signed                  0x080004eb   Thumb Code    18  _printf_truncate.o(.text)
    _printf_truncate_unsigned                0x080004fd   Thumb Code    18  _printf_truncate.o(.text)
    _printf_str                              0x0800050f   Thumb Code    82  _printf_str.o(.text)
    _printf_int_dec                          0x08000561   Thumb Code   104  _printf_dec.o(.text)
    _printf_charcount                        0x080005d9   Thumb Code    40  _printf_charcount.o(.text)
    _printf_char_file                        0x08000601   Thumb Code    32  _printf_char_file.o(.text)
    _printf_wctomb                           0x08000625   Thumb Code   182  _printf_wctomb.o(.text)
    _printf_longlong_dec                     0x080006e9   Thumb Code   108  _printf_longlong_dec.o(.text)
    _printf_longlong_oct                     0x08000765   Thumb Code    68  _printf_oct_int_ll.o(.text)
    _printf_int_oct                          0x080007a9   Thumb Code    24  _printf_oct_int_ll.o(.text)
    _printf_ll_oct                           0x080007c1   Thumb Code    12  _printf_oct_int_ll.o(.text)
    _printf_longlong_hex                     0x080007d5   Thumb Code    86  _printf_hex_int_ll_ptr.o(.text)
    _printf_int_hex                          0x0800082b   Thumb Code    28  _printf_hex_int_ll_ptr.o(.text)
    _printf_ll_hex                           0x08000847   Thumb Code    12  _printf_hex_int_ll_ptr.o(.text)
    _printf_hex_ptr                          0x08000853   Thumb Code    18  _printf_hex_int_ll_ptr.o(.text)
    __printf                                 0x08000869   Thumb Code   388  __printf_flags_ss_wp.o(.text)
    _ll_udiv10                               0x080009f7   Thumb Code   138  lludiv10.o(.text)
    _printf_int_common                       0x08000a81   Thumb Code   178  _printf_intcommon.o(.text)
    _printf_fp_dec_real                      0x08000ce3   Thumb Code   620  _printf_fp_dec.o(.text)
    _printf_fp_hex_real                      0x08000f55   Thumb Code   756  _printf_fp_hex.o(.text)
    _printf_char_common                      0x08001263   Thumb Code    32  _printf_char_common.o(.text)
    _printf_cs_common                        0x08001289   Thumb Code    20  _printf_char.o(.text)
    _printf_char                             0x0800129d   Thumb Code    16  _printf_char.o(.text)
    _printf_string                           0x080012ad   Thumb Code     8  _printf_char.o(.text)
    _printf_lcs_common                       0x080012b5   Thumb Code    20  _printf_wchar.o(.text)
    _printf_wchar                            0x080012c9   Thumb Code    16  _printf_wchar.o(.text)
    _printf_wstring                          0x080012d9   Thumb Code     8  _printf_wchar.o(.text)
    ferror                                   0x080012e1   Thumb Code     8  ferror.o(.text)
    _c16rtomb                                0x080012e9   Thumb Code    72  _c16rtomb.o(.text)
    _wcrtomb                                 0x080012e9   Thumb Code     0  _c16rtomb.o(.text)
    __user_setup_stackheap                   0x08001331   Thumb Code    74  sys_stackheap_outer.o(.text)
    __rt_ctype_table                         0x0800137d   Thumb Code    16  rt_ctype_table.o(.text)
    __rt_locale                              0x0800138d   Thumb Code     8  rt_locale_intlibspace.o(.text)
    _printf_fp_infnan                        0x08001395   Thumb Code   112  _printf_fp_infnan.o(.text)
    _btod_etento                             0x08001415   Thumb Code   224  bigflt0.o(.text)
    exit                                     0x080014f9   Thumb Code    18  exit.o(.text)
    __user_libspace                          0x0800150d   Thumb Code     8  libspace.o(.text)
    __user_perproc_libspace                  0x0800150d   Thumb Code     0  libspace.o(.text)
    __user_perthread_libspace                0x0800150d   Thumb Code     0  libspace.o(.text)
    strcmp                                   0x08001519   Thumb Code   124  strcmpv7em.o(.text)
    _sys_exit                                0x08001595   Thumb Code     8  sys_exit.o(.text)
    __I$use$semihosting                      0x080015a1   Thumb Code     0  use_no_semi.o(.text)
    __use_no_semihosting_swi                 0x080015a1   Thumb Code     2  use_no_semi.o(.text)
    __semihosting_library_function           0x080015a3   Thumb Code     0  indicate_semi.o(.text)
    BusFault_Handler                         0x080015a5   Thumb Code     4  stm32l4xx_it.o(.text.BusFault_Handler)
    DebugMon_Handler                         0x080015a9   Thumb Code     2  stm32l4xx_it.o(.text.DebugMon_Handler)
    Error_Handler                            0x080015ad   Thumb Code    14  main.o(.text.Error_Handler)
    HAL_ADCEx_MultiModeConfigChannel         0x080015bd   Thumb Code   422  stm32l4xx_hal_adc_ex.o(.text.HAL_ADCEx_MultiModeConfigChannel)
    HAL_ADC_ConfigChannel                    0x08001765   Thumb Code  2028  stm32l4xx_hal_adc.o(.text.HAL_ADC_ConfigChannel)
    HAL_ADC_Init                             0x08001f51   Thumb Code   706  stm32l4xx_hal_adc.o(.text.HAL_ADC_Init)
    HAL_ADC_MspInit                          0x08002215   Thumb Code   184  stm32l4xx_hal_msp.o(.text.HAL_ADC_MspInit)
    HAL_Delay                                0x080022cd   Thumb Code    66  stm32l4xx_hal.o(.text.HAL_Delay)
    HAL_GPIO_Init                            0x08002311   Thumb Code   962  stm32l4xx_hal_gpio.o(.text.HAL_GPIO_Init)
    HAL_GPIO_WritePin                        0x080026d5   Thumb Code    44  stm32l4xx_hal_gpio.o(.text.HAL_GPIO_WritePin)
    HAL_GetTick                              0x08002701   Thumb Code    12  stm32l4xx_hal.o(.text.HAL_GetTick)
    HAL_I2CEx_ConfigAnalogFilter             0x0800270d   Thumb Code   152  stm32l4xx_hal_i2c_ex.o(.text.HAL_I2CEx_ConfigAnalogFilter)
    HAL_I2CEx_ConfigDigitalFilter            0x080027a5   Thumb Code   162  stm32l4xx_hal_i2c_ex.o(.text.HAL_I2CEx_ConfigDigitalFilter)
    HAL_I2C_Init                             0x08002849   Thumb Code   276  stm32l4xx_hal_i2c.o(.text.HAL_I2C_Init)
    HAL_I2C_Master_Receive                   0x0800295d   Thumb Code   540  stm32l4xx_hal_i2c.o(.text.HAL_I2C_Master_Receive)
    HAL_I2C_Master_Transmit                  0x08002b79   Thumb Code   594  stm32l4xx_hal_i2c.o(.text.HAL_I2C_Master_Transmit)
    HAL_I2C_MspInit                          0x08002dcd   Thumb Code   170  stm32l4xx_hal_msp.o(.text.HAL_I2C_MspInit)
    HAL_IncTick                              0x08002e79   Thumb Code    26  stm32l4xx_hal.o(.text.HAL_IncTick)
    HAL_Init                                 0x08002e95   Thumb Code    66  stm32l4xx_hal.o(.text.HAL_Init)
    HAL_InitTick                             0x08002ed9   Thumb Code   136  stm32l4xx_hal.o(.text.HAL_InitTick)
    HAL_MspInit                              0x08002f61   Thumb Code    66  stm32l4xx_hal_msp.o(.text.HAL_MspInit)
    HAL_NVIC_SetPriority                     0x08002fa5   Thumb Code    50  stm32l4xx_hal_cortex.o(.text.HAL_NVIC_SetPriority)
    HAL_NVIC_SetPriorityGrouping             0x08002fd9   Thumb Code    16  stm32l4xx_hal_cortex.o(.text.HAL_NVIC_SetPriorityGrouping)
    HAL_PWREx_ControlVoltageScaling          0x08002fe9   Thumb Code   228  stm32l4xx_hal_pwr_ex.o(.text.HAL_PWREx_ControlVoltageScaling)
    HAL_PWREx_GetVoltageRange                0x080030cd   Thumb Code    16  stm32l4xx_hal_pwr_ex.o(.text.HAL_PWREx_GetVoltageRange)
    HAL_RCCEx_PeriphCLKConfig                0x080030dd   Thumb Code  1654  stm32l4xx_hal_rcc_ex.o(.text.HAL_RCCEx_PeriphCLKConfig)
    HAL_RCC_ClockConfig                      0x08003755   Thumb Code   674  stm32l4xx_hal_rcc.o(.text.HAL_RCC_ClockConfig)
    HAL_RCC_GetHCLKFreq                      0x080039f9   Thumb Code    12  stm32l4xx_hal_rcc.o(.text.HAL_RCC_GetHCLKFreq)
    HAL_RCC_GetPCLK1Freq                     0x08003a05   Thumb Code    38  stm32l4xx_hal_rcc.o(.text.HAL_RCC_GetPCLK1Freq)
    HAL_RCC_GetPCLK2Freq                     0x08003a2d   Thumb Code    38  stm32l4xx_hal_rcc.o(.text.HAL_RCC_GetPCLK2Freq)
    HAL_RCC_GetSysClockFreq                  0x08003a55   Thumb Code   346  stm32l4xx_hal_rcc.o(.text.HAL_RCC_GetSysClockFreq)
    HAL_RCC_OscConfig                        0x08003bb1   Thumb Code  2516  stm32l4xx_hal_rcc.o(.text.HAL_RCC_OscConfig)
    HAL_SYSTICK_Config                       0x08004585   Thumb Code    16  stm32l4xx_hal_cortex.o(.text.HAL_SYSTICK_Config)
    HAL_UART_Init                            0x08004595   Thumb Code   166  stm32l4xx_hal_uart.o(.text.HAL_UART_Init)
    HAL_UART_MspInit                         0x0800463d   Thumb Code   164  stm32l4xx_hal_msp.o(.text.HAL_UART_MspInit)
    HAL_UART_Transmit                        0x080046e1   Thumb Code   302  stm32l4xx_hal_uart.o(.text.HAL_UART_Transmit)
    HardFault_Handler                        0x08004811   Thumb Code     4  stm32l4xx_it.o(.text.HardFault_Handler)
    MemManage_Handler                        0x080052b1   Thumb Code     4  stm32l4xx_it.o(.text.MemManage_Handler)
    NMI_Handler                              0x080052b5   Thumb Code     4  stm32l4xx_it.o(.text.NMI_Handler)
    PendSV_Handler                           0x08005325   Thumb Code     2  stm32l4xx_it.o(.text.PendSV_Handler)
    SVC_Handler                              0x080058f1   Thumb Code     2  stm32l4xx_it.o(.text.SVC_Handler)
    SysTick_Handler                          0x08005949   Thumb Code     8  stm32l4xx_it.o(.text.SysTick_Handler)
    SystemClock_Config                       0x08005951   Thumb Code   130  main.o(.text.SystemClock_Config)
    SystemInit                               0x080059d5   Thumb Code    18  system_stm32l4xx.o(.text.SystemInit)
    UART_AdvFeatureConfig                    0x080059e9   Thumb Code   328  stm32l4xx_hal_uart.o(.text.UART_AdvFeatureConfig)
    UART_CheckIdleState                      0x08005b31   Thumb Code   322  stm32l4xx_hal_uart.o(.text.UART_CheckIdleState)
    UART_SetConfig                           0x08005d0d   Thumb Code  1370  stm32l4xx_hal_uart.o(.text.UART_SetConfig)
    UART_WaitOnFlagUntilTimeout              0x08006269   Thumb Code   252  stm32l4xx_hal_uart.o(.text.UART_WaitOnFlagUntilTimeout)
    UsageFault_Handler                       0x08006365   Thumb Code     4  stm32l4xx_it.o(.text.UsageFault_Handler)
    fputc                                    0x080063f9   Thumb Code    34  usart2.o(.text.fputc)
    main                                     0x0800641d   Thumb Code   216  main.o(.text.main)
    readSensor                               0x08006509   Thumb Code    92  main.o(.text.readSensor)
    _btod_d2e                                0x08006565   Thumb Code    62  btod.o(CL$$btod_d2e)
    _d2e_denorm_low                          0x080065a3   Thumb Code    70  btod.o(CL$$btod_d2e_denorm_low)
    _d2e_norm_op1                            0x080065e9   Thumb Code    96  btod.o(CL$$btod_d2e_norm_op1)
    __btod_div_common                        0x08006649   Thumb Code   696  btod.o(CL$$btod_div_common)
    _e2e                                     0x08006981   Thumb Code   220  btod.o(CL$$btod_e2e)
    _btod_ediv                               0x08006a5d   Thumb Code    42  btod.o(CL$$btod_ediv)
    _btod_emul                               0x08006a87   Thumb Code    42  btod.o(CL$$btod_emul)
    __btod_mult_common                       0x08006ab1   Thumb Code   580  btod.o(CL$$btod_mult_common)
    __ARM_fpclassify                         0x08006cf5   Thumb Code    48  fpclassify.o(i.__ARM_fpclassify)
    _is_digit                                0x08006d25   Thumb Code    14  __printf_wp.o(i._is_digit)
    _get_lc_numeric                          0x08006d35   Thumb Code    44  lc_numeric_c.o(locale$$code)
    _get_lc_ctype                            0x08006d61   Thumb Code    44  lc_ctype_c.o(locale$$code)
    __fpl_dretinf                            0x08006d8d   Thumb Code    12  dretinf.o(x$fpl$dretinf)
    __aeabi_f2d                              0x08006d99   Thumb Code     0  f2d.o(x$fpl$f2d)
    _f2d                                     0x08006d99   Thumb Code    86  f2d.o(x$fpl$f2d)
    __fpl_fnaninf                            0x08006def   Thumb Code   140  fnaninf.o(x$fpl$fnaninf)
    _fp_init                                 0x08006e7b   Thumb Code    26  fpinit.o(x$fpl$fpinit)
    __fplib_config_fpu_vfp                   0x08006e93   Thumb Code     0  fpinit.o(x$fpl$fpinit)
    __fplib_config_pureend_doubles           0x08006e93   Thumb Code     0  fpinit.o(x$fpl$fpinit)
    _printf_fp_dec                           0x08006e95   Thumb Code     4  printf1.o(x$fpl$printf1)
    _printf_fp_hex                           0x08006e99   Thumb Code     4  printf2.o(x$fpl$printf2)
    __I$use$fp                               0x08006e9c   Number         0  usenofp.o(x$fpl$usenofp)
    AHBPrescTable                            0x08006f98   Data          16  system_stm32l4xx.o(.rodata.AHBPrescTable)
    APBPrescTable                            0x08006fa8   Data           8  system_stm32l4xx.o(.rodata.APBPrescTable)
    MSIRangeTable                            0x08006fb0   Data          48  system_stm32l4xx.o(.rodata.MSIRangeTable)
    Region$$Table$$Base                      0x08007040   Number         0  anon$$obj.o(Region$$Table)
    Region$$Table$$Limit                     0x08007060   Number         0  anon$$obj.o(Region$$Table)
    __ctype                                  0x08007089   Data           0  lc_ctype_c.o(locale$$data)
    SystemCoreClock                          0x20000000   Data           4  system_stm32l4xx.o(.data.SystemCoreClock)
    uwTickFreq                               0x20000004   Data           1  stm32l4xx_hal.o(.data.uwTickFreq)
    uwTickPrio                               0x20000008   Data           4  stm32l4xx_hal.o(.data.uwTickPrio)
    __libspace_start                         0x20000010   Data          96  libspace.o(.bss)
    __stdout                                 0x20000070   Data          84  usart2.o(.bss.__stdout)
    __temporary_stack_top$libspace           0x20000070   Data           0  libspace.o(.bss)
    hadc1                                    0x200000c4   Data         100  main.o(.bss.hadc1)
    hi2c1                                    0x20000128   Data          84  main.o(.bss.hi2c1)
    huart2                                   0x2000017c   Data         136  main.o(.bss.huart2)
    uwTick                                   0x20000204   Data           4  stm32l4xx_hal.o(.bss.uwTick)



==============================================================================

Memory Map of the image

  Image Entry point : 0x08000189

  Load Region LR_IROM1 (Base: 0x08000000, Size: 0x000071a0, Max: 0x00100000, ABSOLUTE)

    Execution Region ER_IROM1 (Exec base: 0x08000000, Load base: 0x08000000, Size: 0x0000718c, Max: 0x00100000, ABSOLUTE)

    Exec Addr    Load Addr    Size         Type   Attr      Idx    E Section Name        Object

    0x08000000   0x08000000   0x00000188   Data   RO            3    RESET               startup_stm32l476xx.o
    0x08000188   0x08000188   0x00000008   Code   RO         1287  * !!!main             c_w.l(__main.o)
    0x08000190   0x08000190   0x0000005c   Code   RO         1644    !!!scatter          c_w.l(__scatter.o)
    0x080001ec   0x080001ec   0x0000001a   Code   RO         1648    !!handler_copy      c_w.l(__scatter_copy.o)
    0x08000206   0x08000206   0x00000002   PAD
    0x08000208   0x08000208   0x00000002   Code   RO         1645    !!handler_null      c_w.l(__scatter.o)
    0x0800020a   0x0800020a   0x00000002   PAD
    0x0800020c   0x0800020c   0x0000001c   Code   RO         1650    !!handler_zi        c_w.l(__scatter_zi.o)
    0x08000228   0x08000228   0x00000000   Code   RO         1375    .ARM.Collect$$_printf_percent$$00000000  c_w.l(_printf_percent.o)
    0x08000228   0x08000228   0x00000006   Code   RO         1364    .ARM.Collect$$_printf_percent$$00000001  c_w.l(_printf_n.o)
    0x0800022e   0x0800022e   0x00000006   Code   RO         1366    .ARM.Collect$$_printf_percent$$00000002  c_w.l(_printf_p.o)
    0x08000234   0x08000234   0x00000006   Code   RO         1371    .ARM.Collect$$_printf_percent$$00000003  c_w.l(_printf_f.o)
    0x0800023a   0x0800023a   0x00000006   Code   RO         1372    .ARM.Collect$$_printf_percent$$00000004  c_w.l(_printf_e.o)
    0x08000240   0x08000240   0x00000006   Code   RO         1373    .ARM.Collect$$_printf_percent$$00000005  c_w.l(_printf_g.o)
    0x08000246   0x08000246   0x00000006   Code   RO         1374    .ARM.Collect$$_printf_percent$$00000006  c_w.l(_printf_a.o)
    0x0800024c   0x0800024c   0x0000000a   Code   RO         1379    .ARM.Collect$$_printf_percent$$00000007  c_w.l(_printf_ll.o)
    0x08000256   0x08000256   0x00000006   Code   RO         1368    .ARM.Collect$$_printf_percent$$00000008  c_w.l(_printf_i.o)
    0x0800025c   0x0800025c   0x00000006   Code   RO         1369    .ARM.Collect$$_printf_percent$$00000009  c_w.l(_printf_d.o)
    0x08000262   0x08000262   0x00000006   Code   RO         1370    .ARM.Collect$$_printf_percent$$0000000A  c_w.l(_printf_u.o)
    0x08000268   0x08000268   0x00000006   Code   RO         1367    .ARM.Collect$$_printf_percent$$0000000B  c_w.l(_printf_o.o)
    0x0800026e   0x0800026e   0x00000006   Code   RO         1365    .ARM.Collect$$_printf_percent$$0000000C  c_w.l(_printf_x.o)
    0x08000274   0x08000274   0x00000006   Code   RO         1376    .ARM.Collect$$_printf_percent$$0000000D  c_w.l(_printf_lli.o)
    0x0800027a   0x0800027a   0x00000006   Code   RO         1377    .ARM.Collect$$_printf_percent$$0000000E  c_w.l(_printf_lld.o)
    0x08000280   0x08000280   0x00000006   Code   RO         1378    .ARM.Collect$$_printf_percent$$0000000F  c_w.l(_printf_llu.o)
    0x08000286   0x08000286   0x00000006   Code   RO         1383    .ARM.Collect$$_printf_percent$$00000010  c_w.l(_printf_llo.o)
    0x0800028c   0x0800028c   0x00000006   Code   RO         1384    .ARM.Collect$$_printf_percent$$00000011  c_w.l(_printf_llx.o)
    0x08000292   0x08000292   0x0000000a   Code   RO         1380    .ARM.Collect$$_printf_percent$$00000012  c_w.l(_printf_l.o)
    0x0800029c   0x0800029c   0x00000006   Code   RO         1362    .ARM.Collect$$_printf_percent$$00000013  c_w.l(_printf_c.o)
    0x080002a2   0x080002a2   0x00000006   Code   RO         1363    .ARM.Collect$$_printf_percent$$00000014  c_w.l(_printf_s.o)
    0x080002a8   0x080002a8   0x00000006   Code   RO         1381    .ARM.Collect$$_printf_percent$$00000015  c_w.l(_printf_lc.o)
    0x080002ae   0x080002ae   0x00000006   Code   RO         1382    .ARM.Collect$$_printf_percent$$00000016  c_w.l(_printf_ls.o)
    0x080002b4   0x080002b4   0x00000004   Code   RO         1432    .ARM.Collect$$_printf_percent$$00000017  c_w.l(_printf_percent_end.o)
    0x080002b8   0x080002b8   0x00000002   Code   RO         1493    .ARM.Collect$$libinit$$00000000  c_w.l(libinit.o)
    0x080002ba   0x080002ba   0x00000004   Code   RO         1516    .ARM.Collect$$libinit$$00000001  c_w.l(libinit2.o)
    0x080002be   0x080002be   0x00000000   Code   RO         1519    .ARM.Collect$$libinit$$00000004  c_w.l(libinit2.o)
    0x080002be   0x080002be   0x00000000   Code   RO         1521    .ARM.Collect$$libinit$$00000006  c_w.l(libinit2.o)
    0x080002be   0x080002be   0x00000000   Code   RO         1524    .ARM.Collect$$libinit$$0000000C  c_w.l(libinit2.o)
    0x080002be   0x080002be   0x00000000   Code   RO         1526    .ARM.Collect$$libinit$$0000000E  c_w.l(libinit2.o)
    0x080002be   0x080002be   0x00000000   Code   RO         1528    .ARM.Collect$$libinit$$00000010  c_w.l(libinit2.o)
    0x080002be   0x080002be   0x00000006   Code   RO         1529    .ARM.Collect$$libinit$$00000011  c_w.l(libinit2.o)
    0x080002c4   0x080002c4   0x00000000   Code   RO         1531    .ARM.Collect$$libinit$$00000013  c_w.l(libinit2.o)
    0x080002c4   0x080002c4   0x0000000c   Code   RO         1532    .ARM.Collect$$libinit$$00000014  c_w.l(libinit2.o)
    0x080002d0   0x080002d0   0x00000000   Code   RO         1533    .ARM.Collect$$libinit$$00000015  c_w.l(libinit2.o)
    0x080002d0   0x080002d0   0x00000000   Code   RO         1535    .ARM.Collect$$libinit$$00000017  c_w.l(libinit2.o)
    0x080002d0   0x080002d0   0x0000000a   Code   RO         1536    .ARM.Collect$$libinit$$00000018  c_w.l(libinit2.o)
    0x080002da   0x080002da   0x00000000   Code   RO         1537    .ARM.Collect$$libinit$$00000019  c_w.l(libinit2.o)
    0x080002da   0x080002da   0x00000000   Code   RO         1539    .ARM.Collect$$libinit$$0000001B  c_w.l(libinit2.o)
    0x080002da   0x080002da   0x00000000   Code   RO         1541    .ARM.Collect$$libinit$$0000001D  c_w.l(libinit2.o)
    0x080002da   0x080002da   0x00000000   Code   RO         1543    .ARM.Collect$$libinit$$0000001F  c_w.l(libinit2.o)
    0x080002da   0x080002da   0x00000000   Code   RO         1545    .ARM.Collect$$libinit$$00000021  c_w.l(libinit2.o)
    0x080002da   0x080002da   0x00000000   Code   RO         1547    .ARM.Collect$$libinit$$00000023  c_w.l(libinit2.o)
    0x080002da   0x080002da   0x00000000   Code   RO         1549    .ARM.Collect$$libinit$$00000025  c_w.l(libinit2.o)
    0x080002da   0x080002da   0x00000000   Code   RO         1551    .ARM.Collect$$libinit$$00000027  c_w.l(libinit2.o)
    0x080002da   0x080002da   0x00000000   Code   RO         1555    .ARM.Collect$$libinit$$0000002E  c_w.l(libinit2.o)
    0x080002da   0x080002da   0x00000000   Code   RO         1557    .ARM.Collect$$libinit$$00000030  c_w.l(libinit2.o)
    0x080002da   0x080002da   0x00000000   Code   RO         1559    .ARM.Collect$$libinit$$00000032  c_w.l(libinit2.o)
    0x080002da   0x080002da   0x00000000   Code   RO         1561    .ARM.Collect$$libinit$$00000034  c_w.l(libinit2.o)
    0x080002da   0x080002da   0x00000002   Code   RO         1562    .ARM.Collect$$libinit$$00000035  c_w.l(libinit2.o)
    0x080002dc   0x080002dc   0x00000002   Code   RO         1599    .ARM.Collect$$libshutdown$$00000000  c_w.l(libshutdown.o)
    0x080002de   0x080002de   0x00000000   Code   RO         1627    .ARM.Collect$$libshutdown$$00000002  c_w.l(libshutdown2.o)
    0x080002de   0x080002de   0x00000000   Code   RO         1629    .ARM.Collect$$libshutdown$$00000004  c_w.l(libshutdown2.o)
    0x080002de   0x080002de   0x00000000   Code   RO         1632    .ARM.Collect$$libshutdown$$00000007  c_w.l(libshutdown2.o)
    0x080002de   0x080002de   0x00000000   Code   RO         1635    .ARM.Collect$$libshutdown$$0000000A  c_w.l(libshutdown2.o)
    0x080002de   0x080002de   0x00000000   Code   RO         1637    .ARM.Collect$$libshutdown$$0000000C  c_w.l(libshutdown2.o)
    0x080002de   0x080002de   0x00000000   Code   RO         1640    .ARM.Collect$$libshutdown$$0000000F  c_w.l(libshutdown2.o)
    0x080002de   0x080002de   0x00000002   Code   RO         1641    .ARM.Collect$$libshutdown$$00000010  c_w.l(libshutdown2.o)
    0x080002e0   0x080002e0   0x00000000   Code   RO         1291    .ARM.Collect$$rtentry$$00000000  c_w.l(__rtentry.o)
    0x080002e0   0x080002e0   0x00000000   Code   RO         1399    .ARM.Collect$$rtentry$$00000002  c_w.l(__rtentry2.o)
    0x080002e0   0x080002e0   0x00000006   Code   RO         1411    .ARM.Collect$$rtentry$$00000004  c_w.l(__rtentry4.o)
    0x080002e6   0x080002e6   0x00000000   Code   RO         1401    .ARM.Collect$$rtentry$$00000009  c_w.l(__rtentry2.o)
    0x080002e6   0x080002e6   0x00000004   Code   RO         1402    .ARM.Collect$$rtentry$$0000000A  c_w.l(__rtentry2.o)
    0x080002ea   0x080002ea   0x00000000   Code   RO         1404    .ARM.Collect$$rtentry$$0000000C  c_w.l(__rtentry2.o)
    0x080002ea   0x080002ea   0x00000008   Code   RO         1405    .ARM.Collect$$rtentry$$0000000D  c_w.l(__rtentry2.o)
    0x080002f2   0x080002f2   0x00000002   Code   RO         1501    .ARM.Collect$$rtexit$$00000000  c_w.l(rtexit.o)
    0x080002f4   0x080002f4   0x00000000   Code   RO         1568    .ARM.Collect$$rtexit$$00000002  c_w.l(rtexit2.o)
    0x080002f4   0x080002f4   0x00000004   Code   RO         1569    .ARM.Collect$$rtexit$$00000003  c_w.l(rtexit2.o)
    0x080002f8   0x080002f8   0x00000006   Code   RO         1570    .ARM.Collect$$rtexit$$00000004  c_w.l(rtexit2.o)
    0x080002fe   0x080002fe   0x00000002   PAD
    0x08000300   0x08000300   0x00000040   Code   RO            4    .text               startup_stm32l476xx.o
    0x08000340   0x08000340   0x000000f0   Code   RO         1279    .text               c_w.l(lludivv7m.o)
    0x08000430   0x08000430   0x00000018   Code   RO         1281    .text               c_w.l(printf.o)
    0x08000448   0x08000448   0x0000004e   Code   RO         1283    .text               c_w.l(rt_memclr_w.o)
    0x08000496   0x08000496   0x00000006   Code   RO         1285    .text               c_w.l(heapauxi.o)
    0x0800049c   0x0800049c   0x0000004e   Code   RO         1298    .text               c_w.l(_printf_pad.o)
    0x080004ea   0x080004ea   0x00000024   Code   RO         1300    .text               c_w.l(_printf_truncate.o)
    0x0800050e   0x0800050e   0x00000052   Code   RO         1302    .text               c_w.l(_printf_str.o)
    0x08000560   0x08000560   0x00000078   Code   RO         1304    .text               c_w.l(_printf_dec.o)
    0x080005d8   0x080005d8   0x00000028   Code   RO         1306    .text               c_w.l(_printf_charcount.o)
    0x08000600   0x08000600   0x00000024   Code   RO         1308    .text               c_w.l(_printf_char_file.o)
    0x08000624   0x08000624   0x000000c2   Code   RO         1310    .text               c_w.l(_printf_wctomb.o)
    0x080006e6   0x080006e6   0x00000002   PAD
    0x080006e8   0x080006e8   0x0000007c   Code   RO         1313    .text               c_w.l(_printf_longlong_dec.o)
    0x08000764   0x08000764   0x00000070   Code   RO         1319    .text               c_w.l(_printf_oct_int_ll.o)
    0x080007d4   0x080007d4   0x00000094   Code   RO         1339    .text               c_w.l(_printf_hex_int_ll_ptr.o)
    0x08000868   0x08000868   0x0000018e   Code   RO         1359    .text               c_w.l(__printf_flags_ss_wp.o)
    0x080009f6   0x080009f6   0x0000008a   Code   RO         1415    .text               c_w.l(lludiv10.o)
    0x08000a80   0x08000a80   0x000000b2   Code   RO         1417    .text               c_w.l(_printf_intcommon.o)
    0x08000b32   0x08000b32   0x00000422   Code   RO         1419    .text               c_w.l(_printf_fp_dec.o)
    0x08000f54   0x08000f54   0x00000302   Code   RO         1423    .text               c_w.l(_printf_fp_hex.o)
    0x08001256   0x08001256   0x00000002   PAD
    0x08001258   0x08001258   0x00000030   Code   RO         1426    .text               c_w.l(_printf_char_common.o)
    0x08001288   0x08001288   0x0000002c   Code   RO         1428    .text               c_w.l(_printf_char.o)
    0x080012b4   0x080012b4   0x0000002c   Code   RO         1430    .text               c_w.l(_printf_wchar.o)
    0x080012e0   0x080012e0   0x00000008   Code   RO         1433    .text               c_w.l(ferror.o)
    0x080012e8   0x080012e8   0x00000048   Code   RO         1437    .text               c_w.l(_c16rtomb.o)
    0x08001330   0x08001330   0x0000004a   Code   RO         1439    .text               c_w.l(sys_stackheap_outer.o)
    0x0800137a   0x0800137a   0x00000002   PAD
    0x0800137c   0x0800137c   0x00000010   Code   RO         1441    .text               c_w.l(rt_ctype_table.o)
    0x0800138c   0x0800138c   0x00000008   Code   RO         1446    .text               c_w.l(rt_locale_intlibspace.o)
    0x08001394   0x08001394   0x00000080   Code   RO         1448    .text               c_w.l(_printf_fp_infnan.o)
    0x08001414   0x08001414   0x000000e4   Code   RO         1452    .text               c_w.l(bigflt0.o)
    0x080014f8   0x080014f8   0x00000012   Code   RO         1482    .text               c_w.l(exit.o)
    0x0800150a   0x0800150a   0x00000002   PAD
    0x0800150c   0x0800150c   0x00000008   Code   RO         1498    .text               c_w.l(libspace.o)
    0x08001514   0x08001514   0x00000004   PAD
    0x08001518   0x08001518   0x0000007c   Code   RO         1514    .text               c_w.l(strcmpv7em.o)
    0x08001594   0x08001594   0x0000000c   Code   RO         1563    .text               c_w.l(sys_exit.o)
    0x080015a0   0x080015a0   0x00000002   Code   RO         1588    .text               c_w.l(use_no_semi.o)
    0x080015a2   0x080015a2   0x00000000   Code   RO         1590    .text               c_w.l(indicate_semi.o)
    0x080015a2   0x080015a2   0x00000002   PAD
    0x080015a4   0x080015a4   0x00000004   Code   RO           86    .text.BusFault_Handler  stm32l4xx_it.o
    0x080015a8   0x080015a8   0x00000002   Code   RO           92    .text.DebugMon_Handler  stm32l4xx_it.o
    0x080015aa   0x080015aa   0x00000002   PAD
    0x080015ac   0x080015ac   0x0000000e   Code   RO           63    .text.Error_Handler  main.o
    0x080015ba   0x080015ba   0x00000002   PAD
    0x080015bc   0x080015bc   0x000001a6   Code   RO          347    .text.HAL_ADCEx_MultiModeConfigChannel  stm32l4xx_hal_adc_ex.o
    0x08001762   0x08001762   0x00000002   PAD
    0x08001764   0x08001764   0x000007ec   Code   RO          200    .text.HAL_ADC_ConfigChannel  stm32l4xx_hal_adc.o
    0x08001f50   0x08001f50   0x000002c2   Code   RO          126    .text.HAL_ADC_Init  stm32l4xx_hal_adc.o
    0x08002212   0x08002212   0x00000002   PAD
    0x08002214   0x08002214   0x000000b8   Code   RO          107    .text.HAL_ADC_MspInit  stm32l4xx_hal_msp.o
    0x080022cc   0x080022cc   0x00000042   Code   RO          390    .text.HAL_Delay     stm32l4xx_hal.o
    0x0800230e   0x0800230e   0x00000002   PAD
    0x08002310   0x08002310   0x000003c2   Code   RO          620    .text.HAL_GPIO_Init  stm32l4xx_hal_gpio.o
    0x080026d2   0x080026d2   0x00000002   PAD
    0x080026d4   0x080026d4   0x0000002c   Code   RO          626    .text.HAL_GPIO_WritePin  stm32l4xx_hal_gpio.o
    0x08002700   0x08002700   0x0000000c   Code   RO          382    .text.HAL_GetTick   stm32l4xx_hal.o
    0x0800270c   0x0800270c   0x00000098   Code   RO          812    .text.HAL_I2CEx_ConfigAnalogFilter  stm32l4xx_hal_i2c_ex.o
    0x080027a4   0x080027a4   0x000000a2   Code   RO          814    .text.HAL_I2CEx_ConfigDigitalFilter  stm32l4xx_hal_i2c_ex.o
    0x08002846   0x08002846   0x00000002   PAD
    0x08002848   0x08002848   0x00000114   Code   RO          643    .text.HAL_I2C_Init  stm32l4xx_hal_i2c.o
    0x0800295c   0x0800295c   0x0000021c   Code   RO          661    .text.HAL_I2C_Master_Receive  stm32l4xx_hal_i2c.o
    0x08002b78   0x08002b78   0x00000252   Code   RO          651    .text.HAL_I2C_Master_Transmit  stm32l4xx_hal_i2c.o
    0x08002dca   0x08002dca   0x00000002   PAD
    0x08002dcc   0x08002dcc   0x000000aa   Code   RO          111    .text.HAL_I2C_MspInit  stm32l4xx_hal_msp.o
    0x08002e76   0x08002e76   0x00000002   PAD
    0x08002e78   0x08002e78   0x0000001a   Code   RO          380    .text.HAL_IncTick   stm32l4xx_hal.o
    0x08002e92   0x08002e92   0x00000002   PAD
    0x08002e94   0x08002e94   0x00000042   Code   RO          370    .text.HAL_Init      stm32l4xx_hal.o
    0x08002ed6   0x08002ed6   0x00000002   PAD
    0x08002ed8   0x08002ed8   0x00000088   Code   RO          372    .text.HAL_InitTick  stm32l4xx_hal.o
    0x08002f60   0x08002f60   0x00000042   Code   RO          105    .text.HAL_MspInit   stm32l4xx_hal_msp.o
    0x08002fa2   0x08002fa2   0x00000002   PAD
    0x08002fa4   0x08002fa4   0x00000032   Code   RO          997    .text.HAL_NVIC_SetPriority  stm32l4xx_hal_cortex.o
    0x08002fd6   0x08002fd6   0x00000002   PAD
    0x08002fd8   0x08002fd8   0x00000010   Code   RO          993    .text.HAL_NVIC_SetPriorityGrouping  stm32l4xx_hal_cortex.o
    0x08002fe8   0x08002fe8   0x000000e4   Code   RO          906    .text.HAL_PWREx_ControlVoltageScaling  stm32l4xx_hal_pwr_ex.o
    0x080030cc   0x080030cc   0x00000010   Code   RO          904    .text.HAL_PWREx_GetVoltageRange  stm32l4xx_hal_pwr_ex.o
    0x080030dc   0x080030dc   0x00000676   Code   RO          487    .text.HAL_RCCEx_PeriphCLKConfig  stm32l4xx_hal_rcc_ex.o
    0x08003752   0x08003752   0x00000002   PAD
    0x08003754   0x08003754   0x000002a2   Code   RO          458    .text.HAL_RCC_ClockConfig  stm32l4xx_hal_rcc.o
    0x080039f6   0x080039f6   0x00000002   PAD
    0x080039f8   0x080039f8   0x0000000c   Code   RO          462    .text.HAL_RCC_GetHCLKFreq  stm32l4xx_hal_rcc.o
    0x08003a04   0x08003a04   0x00000026   Code   RO          464    .text.HAL_RCC_GetPCLK1Freq  stm32l4xx_hal_rcc.o
    0x08003a2a   0x08003a2a   0x00000002   PAD
    0x08003a2c   0x08003a2c   0x00000026   Code   RO          466    .text.HAL_RCC_GetPCLK2Freq  stm32l4xx_hal_rcc.o
    0x08003a52   0x08003a52   0x00000002   PAD
    0x08003a54   0x08003a54   0x0000015a   Code   RO          456    .text.HAL_RCC_GetSysClockFreq  stm32l4xx_hal_rcc.o
    0x08003bae   0x08003bae   0x00000002   PAD
    0x08003bb0   0x08003bb0   0x000009d4   Code   RO          452    .text.HAL_RCC_OscConfig  stm32l4xx_hal_rcc.o
    0x08004584   0x08004584   0x00000010   Code   RO         1017    .text.HAL_SYSTICK_Config  stm32l4xx_hal_cortex.o
    0x08004594   0x08004594   0x000000a6   Code   RO         1091    .text.HAL_UART_Init  stm32l4xx_hal_uart.o
    0x0800463a   0x0800463a   0x00000002   PAD
    0x0800463c   0x0800463c   0x000000a4   Code   RO          115    .text.HAL_UART_MspInit  stm32l4xx_hal_msp.o
    0x080046e0   0x080046e0   0x0000012e   Code   RO         1111    .text.HAL_UART_Transmit  stm32l4xx_hal_uart.o
    0x0800480e   0x0800480e   0x00000002   PAD
    0x08004810   0x08004810   0x00000004   Code   RO           82    .text.HardFault_Handler  stm32l4xx_it.o
    0x08004814   0x08004814   0x00000040   Code   RO          667    .text.I2C_Flush_TXDR  stm32l4xx_hal_i2c.o
    0x08004854   0x08004854   0x000001fe   Code   RO          803    .text.I2C_IsErrorOccurred  stm32l4xx_hal_i2c.o
    0x08004a52   0x08004a52   0x00000002   PAD
    0x08004a54   0x08004a54   0x00000054   Code   RO          655    .text.I2C_TransferConfig  stm32l4xx_hal_i2c.o
    0x08004aa8   0x08004aa8   0x000000ae   Code   RO          653    .text.I2C_WaitOnFlagUntilTimeout  stm32l4xx_hal_i2c.o
    0x08004b56   0x08004b56   0x00000002   PAD
    0x08004b58   0x08004b58   0x0000013c   Code   RO          663    .text.I2C_WaitOnRXNEFlagUntilTimeout  stm32l4xx_hal_i2c.o
    0x08004c94   0x08004c94   0x000000a2   Code   RO          659    .text.I2C_WaitOnSTOPFlagUntilTimeout  stm32l4xx_hal_i2c.o
    0x08004d36   0x08004d36   0x00000002   PAD
    0x08004d38   0x08004d38   0x000000ac   Code   RO          657    .text.I2C_WaitOnTXISFlagUntilTimeout  stm32l4xx_hal_i2c.o
    0x08004de4   0x08004de4   0x00000018   Code   RO          132    .text.LL_ADC_DisableDeepPowerDown  stm32l4xx_hal_adc.o
    0x08004dfc   0x08004dfc   0x0000001e   Code   RO          136    .text.LL_ADC_EnableInternalRegulator  stm32l4xx_hal_adc.o
    0x08004e1a   0x08004e1a   0x00000002   PAD
    0x08004e1c   0x08004e1c   0x00000010   Code   RO          214    .text.LL_ADC_GetCommonPathInternalCh  stm32l4xx_hal_adc.o
    0x08004e2c   0x08004e2c   0x0000001e   Code   RO          208    .text.LL_ADC_GetOffsetChannel  stm32l4xx_hal_adc.o
    0x08004e4a   0x08004e4a   0x00000002   PAD
    0x08004e4c   0x08004e4c   0x00000010   Code   RO          144    .text.LL_ADC_INJ_IsConversionOngoing  stm32l4xx_hal_adc.o
    0x08004e5c   0x08004e5c   0x00000010   Code   RO          130    .text.LL_ADC_IsDeepPowerDownEnabled  stm32l4xx_hal_adc.o
    0x08004e6c   0x08004e6c   0x00000010   Code   RO          140    .text.LL_ADC_IsEnabled  stm32l4xx_hal_adc.o
    0x08004e7c   0x08004e7c   0x00000010   Code   RO          279    .text.LL_ADC_IsEnabled  stm32l4xx_hal_adc_ex.o
    0x08004e8c   0x08004e8c   0x00000010   Code   RO          134    .text.LL_ADC_IsInternalRegulatorEnabled  stm32l4xx_hal_adc.o
    0x08004e9c   0x08004e9c   0x00000010   Code   RO          138    .text.LL_ADC_REG_IsConversionOngoing  stm32l4xx_hal_adc.o
    0x08004eac   0x08004eac   0x00000010   Code   RO          275    .text.LL_ADC_REG_IsConversionOngoing  stm32l4xx_hal_adc_ex.o
    0x08004ebc   0x08004ebc   0x0000003a   Code   RO          202    .text.LL_ADC_REG_SetSequencerRanks  stm32l4xx_hal_adc.o
    0x08004ef6   0x08004ef6   0x00000002   PAD
    0x08004ef8   0x08004ef8   0x00000036   Code   RO          204    .text.LL_ADC_SetChannelSamplingTime  stm32l4xx_hal_adc.o
    0x08004f2e   0x08004f2e   0x00000002   PAD
    0x08004f30   0x08004f30   0x00000034   Code   RO          212    .text.LL_ADC_SetChannelSingleDiff  stm32l4xx_hal_adc.o
    0x08004f64   0x08004f64   0x0000001a   Code   RO          142    .text.LL_ADC_SetCommonClock  stm32l4xx_hal_adc.o
    0x08004f7e   0x08004f7e   0x00000002   PAD
    0x08004f80   0x08004f80   0x0000001a   Code   RO          216    .text.LL_ADC_SetCommonPathInternalCh  stm32l4xx_hal_adc.o
    0x08004f9a   0x08004f9a   0x00000002   PAD
    0x08004f9c   0x08004f9c   0x0000003c   Code   RO          206    .text.LL_ADC_SetOffset  stm32l4xx_hal_adc.o
    0x08004fd8   0x08004fd8   0x00000028   Code   RO          210    .text.LL_ADC_SetOffsetState  stm32l4xx_hal_adc.o
    0x08005000   0x08005000   0x000000b6   Code   RO           57    .text.MX_ADC1_Init  main.o
    0x080050b6   0x080050b6   0x00000002   PAD
    0x080050b8   0x080050b8   0x00000132   Code   RO           55    .text.MX_GPIO_Init  main.o
    0x080051ea   0x080051ea   0x00000002   PAD
    0x080051ec   0x080051ec   0x00000076   Code   RO           61    .text.MX_I2C1_Init  main.o
    0x08005262   0x08005262   0x00000002   PAD
    0x08005264   0x08005264   0x0000004c   Code   RO           59    .text.MX_USART2_UART_Init  main.o
    0x080052b0   0x080052b0   0x00000004   Code   RO           84    .text.MemManage_Handler  stm32l4xx_it.o
    0x080052b4   0x080052b4   0x00000004   Code   RO           80    .text.NMI_Handler   stm32l4xx_it.o
    0x080052b8   0x080052b8   0x0000006c   Code   RO         1003    .text.NVIC_EncodePriority  stm32l4xx_hal_cortex.o
    0x08005324   0x08005324   0x00000002   Code   RO           94    .text.PendSV_Handler  stm32l4xx_it.o
    0x08005326   0x08005326   0x00000002   PAD
    0x08005328   0x08005328   0x0000028c   Code   RO          489    .text.RCCEx_PLLSAI1_Config  stm32l4xx_hal_rcc_ex.o
    0x080055b4   0x080055b4   0x0000024c   Code   RO          491    .text.RCCEx_PLLSAI2_Config  stm32l4xx_hal_rcc_ex.o
    0x08005800   0x08005800   0x000000ee   Code   RO          454    .text.RCC_SetFlashLatencyFromMSIRange  stm32l4xx_hal_rcc.o
    0x080058ee   0x080058ee   0x00000002   PAD
    0x080058f0   0x080058f0   0x00000002   Code   RO           90    .text.SVC_Handler   stm32l4xx_it.o
    0x080058f2   0x080058f2   0x00000002   PAD
    0x080058f4   0x080058f4   0x00000052   Code   RO         1019    .text.SysTick_Config  stm32l4xx_hal_cortex.o
    0x08005946   0x08005946   0x00000002   PAD
    0x08005948   0x08005948   0x00000008   Code   RO           96    .text.SysTick_Handler  stm32l4xx_it.o
    0x08005950   0x08005950   0x00000082   Code   RO           53    .text.SystemClock_Config  main.o
    0x080059d2   0x080059d2   0x00000002   PAD
    0x080059d4   0x080059d4   0x00000012   Code   RO         1263    .text.SystemInit    system_stm32l4xx.o
    0x080059e6   0x080059e6   0x00000002   PAD
    0x080059e8   0x080059e8   0x00000148   Code   RO         1095    .text.UART_AdvFeatureConfig  stm32l4xx_hal_uart.o
    0x08005b30   0x08005b30   0x00000142   Code   RO         1099    .text.UART_CheckIdleState  stm32l4xx_hal_uart.o
    0x08005c72   0x08005c72   0x00000002   PAD
    0x08005c74   0x08005c74   0x00000098   Code   RO         1147    .text.UART_EndRxTransfer  stm32l4xx_hal_uart.o
    0x08005d0c   0x08005d0c   0x0000055a   Code   RO         1097    .text.UART_SetConfig  stm32l4xx_hal_uart.o
    0x08006266   0x08006266   0x00000002   PAD
    0x08006268   0x08006268   0x000000fc   Code   RO         1113    .text.UART_WaitOnFlagUntilTimeout  stm32l4xx_hal_uart.o
    0x08006364   0x08006364   0x00000004   Code   RO           88    .text.UsageFault_Handler  stm32l4xx_it.o
    0x08006368   0x08006368   0x00000010   Code   RO          999    .text.__NVIC_GetPriorityGrouping  stm32l4xx_hal_cortex.o
    0x08006378   0x08006378   0x00000042   Code   RO         1001    .text.__NVIC_SetPriority  stm32l4xx_hal_cortex.o
    0x080063ba   0x080063ba   0x00000002   PAD
    0x080063bc   0x080063bc   0x0000003c   Code   RO          995    .text.__NVIC_SetPriorityGrouping  stm32l4xx_hal_cortex.o
    0x080063f8   0x080063f8   0x00000022   Code   RO           28    .text.fputc         usart2.o
    0x0800641a   0x0800641a   0x00000002   PAD
    0x0800641c   0x0800641c   0x000000ec   Code   RO           51    .text.main          main.o
    0x08006508   0x08006508   0x0000005c   Code   RO           49    .text.readSensor    main.o
    0x08006564   0x08006564   0x0000003e   Code   RO         1455    CL$$btod_d2e        c_w.l(btod.o)
    0x080065a2   0x080065a2   0x00000046   Code   RO         1457    CL$$btod_d2e_denorm_low  c_w.l(btod.o)
    0x080065e8   0x080065e8   0x00000060   Code   RO         1456    CL$$btod_d2e_norm_op1  c_w.l(btod.o)
    0x08006648   0x08006648   0x00000338   Code   RO         1465    CL$$btod_div_common  c_w.l(btod.o)
    0x08006980   0x08006980   0x000000dc   Code   RO         1462    CL$$btod_e2e        c_w.l(btod.o)
    0x08006a5c   0x08006a5c   0x0000002a   Code   RO         1459    CL$$btod_ediv       c_w.l(btod.o)
    0x08006a86   0x08006a86   0x0000002a   Code   RO         1458    CL$$btod_emul       c_w.l(btod.o)
    0x08006ab0   0x08006ab0   0x00000244   Code   RO         1464    CL$$btod_mult_common  c_w.l(btod.o)
    0x08006cf4   0x08006cf4   0x00000030   Code   RO         1496    i.__ARM_fpclassify  m_wm.l(fpclassify.o)
    0x08006d24   0x08006d24   0x0000000e   Code   RO         1352    i._is_digit         c_w.l(__printf_wp.o)
    0x08006d32   0x08006d32   0x00000002   PAD
    0x08006d34   0x08006d34   0x0000002c   Code   RO         1480    locale$$code        c_w.l(lc_numeric_c.o)
    0x08006d60   0x08006d60   0x0000002c   Code   RO         1508    locale$$code        c_w.l(lc_ctype_c.o)
    0x08006d8c   0x08006d8c   0x0000000c   Code   RO         1385    x$fpl$dretinf       fz_wm.l(dretinf.o)
    0x08006d98   0x08006d98   0x00000056   Code   RO         1289    x$fpl$f2d           fz_wm.l(f2d.o)
    0x08006dee   0x08006dee   0x0000008c   Code   RO         1387    x$fpl$fnaninf       fz_wm.l(fnaninf.o)
    0x08006e7a   0x08006e7a   0x0000001a   Code   RO         1582    x$fpl$fpinit        fz_wm.l(fpinit.o)
    0x08006e94   0x08006e94   0x00000004   Code   RO         1389    x$fpl$printf1       fz_wm.l(printf1.o)
    0x08006e98   0x08006e98   0x00000004   Code   RO         1391    x$fpl$printf2       fz_wm.l(printf2.o)
    0x08006e9c   0x08006e9c   0x00000000   Code   RO         1397    x$fpl$usenofp       fz_wm.l(usenofp.o)
    0x08006e9c   0x08006e9c   0x00000008   Data   RO         1311    .constdata          c_w.l(_printf_wctomb.o)
    0x08006ea4   0x08006ea4   0x00000028   Data   RO         1340    .constdata          c_w.l(_printf_hex_int_ll_ptr.o)
    0x08006ecc   0x08006ecc   0x00000011   Data   RO         1360    .constdata          c_w.l(__printf_flags_ss_wp.o)
    0x08006edd   0x08006edd   0x00000026   Data   RO         1424    .constdata          c_w.l(_printf_fp_hex.o)
    0x08006f03   0x08006f03   0x00000001   PAD
    0x08006f04   0x08006f04   0x00000094   Data   RO         1453    .constdata          c_w.l(bigflt0.o)
    0x08006f98   0x08006f98   0x00000010   Data   RO         1268    .rodata.AHBPrescTable  system_stm32l4xx.o
    0x08006fa8   0x08006fa8   0x00000008   Data   RO         1269    .rodata.APBPrescTable  system_stm32l4xx.o
    0x08006fb0   0x08006fb0   0x00000030   Data   RO         1270    .rodata.MSIRangeTable  system_stm32l4xx.o
    0x08006fe0   0x08006fe0   0x0000005d   Data   RO           69    .rodata.str1.1      main.o
    0x0800703d   0x0800703d   0x00000003   PAD
    0x08007040   0x08007040   0x00000020   Data   RO         1643    Region$$Table       anon$$obj.o
    0x08007060   0x08007060   0x0000001c   Data   RO         1479    locale$$data        c_w.l(lc_numeric_c.o)
    0x0800707c   0x0800707c   0x00000110   Data   RO         1507    locale$$data        c_w.l(lc_ctype_c.o)


    Execution Region RW_IRAM2 (Exec base: 0x10000000, Load base: 0x080071a0, Size: 0x00000000, Max: 0x00008000, ABSOLUTE)

    **** No section assigned to this execution region ****


    Execution Region RW_IRAM1 (Exec base: 0x20000000, Load base: 0x08007190, Size: 0x00000808, Max: 0x00018000, ABSOLUTE)

    Exec Addr    Load Addr    Size         Type   Attr      Idx    E Section Name        Object

    0x20000000   0x08007190   0x00000004   Data   RW         1267    .data.SystemCoreClock  system_stm32l4xx.o
    0x20000004   0x08007194   0x00000001   Data   RW          441    .data.uwTickFreq    stm32l4xx_hal.o
    0x20000005   0x08007195   0x00000003   PAD
    0x20000008   0x08007198   0x00000004   Data   RW          440    .data.uwTickPrio    stm32l4xx_hal.o
    0x2000000c   0x0800719c   0x00000004   PAD
    0x20000010        -       0x00000060   Zero   RW         1499    .bss                c_w.l(libspace.o)
    0x20000070        -       0x00000054   Zero   RW           32    .bss.__stdout       usart2.o
    0x200000c4        -       0x00000064   Zero   RW           70    .bss.hadc1          main.o
    0x20000128        -       0x00000054   Zero   RW           68    .bss.hi2c1          main.o
    0x2000017c        -       0x00000088   Zero   RW           71    .bss.huart2         main.o
    0x20000204        -       0x00000004   Zero   RW          442    .bss.uwTick         stm32l4xx_hal.o
    0x20000208        -       0x00000200   Zero   RW            2    HEAP                startup_stm32l476xx.o
    0x20000408        -       0x00000400   Zero   RW            1    STACK               startup_stm32l476xx.o


==============================================================================

Image component sizes


      Code (inc. data)   RO Data    RW Data    ZI Data      Debug   Object Name

      1154         20         93          0        320      10790   main.o
        64         26        392          0       1536        884   startup_stm32l476xx.o
       306          0          0          5          4       8878   stm32l4xx_hal.o
      3230          4          0          0          0      20746   stm32l4xx_hal_adc.o
       454          0          0          0          0      18169   stm32l4xx_hal_adc_ex.o
       414          0          0          0          0       9485   stm32l4xx_hal_cortex.o
      1006          0          0          0          0       5422   stm32l4xx_hal_gpio.o
      2892          0          0          0          0      35956   stm32l4xx_hal_i2c.o
       314          0          0          0          0       5822   stm32l4xx_hal_i2c_ex.o
       584          0          0          0          0      10376   stm32l4xx_hal_msp.o
       244          0          0          0          0       8124   stm32l4xx_hal_pwr_ex.o
      3862          0          0          0          0      10029   stm32l4xx_hal_rcc.o
      2894          0          0          0          0      13529   stm32l4xx_hal_rcc_ex.o
      2892         48          0          0          0      23780   stm32l4xx_hal_uart.o
        34          0          0          0          0       1053   stm32l4xx_it.o
        18          0         72          4          0       2870   system_stm32l4xx.o
        34          0          0          0         84       1095   usart2.o

    ----------------------------------------------------------------------
     20480         98        592         12       1948     187008   Object Totals
         0          0         32          0          0          0   (incl. Generated)
        84          0          3          3          4          0   (incl. Padding)

    ----------------------------------------------------------------------

      Code (inc. data)   RO Data    RW Data    ZI Data      Debug   Library Member Name

         8          0          0          0          0         68   __main.o
       398          4         17          0          0         92   __printf_flags_ss_wp.o
        14          0          0          0          0         68   __printf_wp.o
         0          0          0          0          0          0   __rtentry.o
        12          0          0          0          0          0   __rtentry2.o
         6          0          0          0          0          0   __rtentry4.o
        94          8          0          0          0          0   __scatter.o
        26          0          0          0          0          0   __scatter_copy.o
        28          0          0          0          0          0   __scatter_zi.o
        72          0          0          0          0         96   _c16rtomb.o
         6          0          0          0          0          0   _printf_a.o
         6          0          0          0          0          0   _printf_c.o
        44          0          0          0          0        108   _printf_char.o
        48          6          0          0          0         96   _printf_char_common.o
        36          4          0          0          0         80   _printf_char_file.o
        40          0          0          0          0         68   _printf_charcount.o
         6          0          0          0          0          0   _printf_d.o
       120         16          0          0          0         92   _printf_dec.o
         6          0          0          0          0          0   _printf_e.o
         6          0          0          0          0          0   _printf_f.o
      1058          0          0          0          0        148   _printf_fp_dec.o
       770          8         38          0          0        100   _printf_fp_hex.o
       128         16          0          0          0         84   _printf_fp_infnan.o
         6          0          0          0          0          0   _printf_g.o
       148          4         40          0          0        160   _printf_hex_int_ll_ptr.o
         6          0          0          0          0          0   _printf_i.o
       178          0          0          0          0         88   _printf_intcommon.o
        10          0          0          0          0          0   _printf_l.o
         6          0          0          0          0          0   _printf_lc.o
        10          0          0          0          0          0   _printf_ll.o
         6          0          0          0          0          0   _printf_lld.o
         6          0          0          0          0          0   _printf_lli.o
         6          0          0          0          0          0   _printf_llo.o
         6          0          0          0          0          0   _printf_llu.o
         6          0          0          0          0          0   _printf_llx.o
       124         16          0          0          0         92   _printf_longlong_dec.o
         6          0          0          0          0          0   _printf_ls.o
         6          0          0          0          0          0   _printf_n.o
         6          0          0          0          0          0   _printf_o.o
       112          8          0          0          0        124   _printf_oct_int_ll.o
         6          0          0          0          0          0   _printf_p.o
        78          0          0          0          0        108   _printf_pad.o
         0          0          0          0          0          0   _printf_percent.o
         4          0          0          0          0          0   _printf_percent_end.o
         6          0          0          0          0          0   _printf_s.o
        82          0          0          0          0         80   _printf_str.o
        36          0          0          0          0         84   _printf_truncate.o
         6          0          0          0          0          0   _printf_u.o
        44          0          0          0          0        108   _printf_wchar.o
       194          6          8          0          0         92   _printf_wctomb.o
         6          0          0          0          0          0   _printf_x.o
       228          4        148          0          0         96   bigflt0.o
      1936        128          0          0          0        668   btod.o
        18          0          0          0          0         80   exit.o
         8          0          0          0          0         68   ferror.o
         6          0          0          0          0        152   heapauxi.o
         0          0          0          0          0          0   indicate_semi.o
        44         10        272          0          0         76   lc_ctype_c.o
        44         10         28          0          0         76   lc_numeric_c.o
         2          0          0          0          0          0   libinit.o
        34          0          0          0          0          0   libinit2.o
         2          0          0          0          0          0   libshutdown.o
         2          0          0          0          0          0   libshutdown2.o
         8          4          0          0         96         68   libspace.o
       138          0          0          0          0         80   lludiv10.o
       240          0          0          0          0        100   lludivv7m.o
        24          4          0          0          0         84   printf.o
        16          4          0          0          0         76   rt_ctype_table.o
         8          4          0          0          0         68   rt_locale_intlibspace.o
        78          0          0          0          0         80   rt_memclr_w.o
         2          0          0          0          0          0   rtexit.o
        10          0          0          0          0          0   rtexit2.o
       124          0          0          0          0         88   strcmpv7em.o
        12          4          0          0          0         68   sys_exit.o
        74          0          0          0          0         80   sys_stackheap_outer.o
         2          0          0          0          0         68   use_no_semi.o
        12          0          0          0          0        116   dretinf.o
        86          4          0          0          0        132   f2d.o
       140          4          0          0          0        132   fnaninf.o
        26          0          0          0          0        116   fpinit.o
         4          0          0          0          0        116   printf1.o
         4          0          0          0          0        116   printf2.o
         0          0          0          0          0          0   usenofp.o
        48          0          0          0          0        124   fpclassify.o

    ----------------------------------------------------------------------
      7444        280        552          0         96       4964   Library Totals
        22          4          1          0          0          0   (incl. Padding)

    ----------------------------------------------------------------------

      Code (inc. data)   RO Data    RW Data    ZI Data      Debug   Library Name

      7102        268        551          0         96       4112   c_w.l
       272          8          0          0          0        728   fz_wm.l
        48          0          0          0          0        124   m_wm.l

    ----------------------------------------------------------------------
      7444        280        552          0         96       4964   Library Totals

    ----------------------------------------------------------------------

==============================================================================


      Code (inc. data)   RO Data    RW Data    ZI Data      Debug   

     27924        378       1144         12       2044     189056   Grand Totals
     27924        378       1144         12       2044     189056   ELF Image Totals
     27924        378       1144         12          0          0   ROM Totals

==============================================================================

    Total RO  Size (Code + RO Data)                29068 (  28.39kB)
    Total RW  Size (RW Data + ZI Data)              2056 (   2.01kB)
    Total ROM Size (Code + RO Data + RW Data)      29080 (  28.40kB)

==============================================================================

